top-up to 100: 10 prompts x 1 models -> 1000 calls to make
  [10/1000] 12s  last: gpt-6-astra M__Q_neutral__m_physicist#1016 -> unparsed
  [20/1000] 15s  last: gpt-6-astra M__Q_neutral__m_physicist#1004 -> unparsed
  [30/1000] 24s  last: gpt-6-astra M__Q_neutral__m_physicist#1022 -> unparsed
  [40/1000] 29s  last: gpt-6-astra M__Q_neutral__m_physicist#1039 -> unparsed
  [50/1000] 35s  last: gpt-6-astra M__Q_neutral__m_physicist#1051 -> unparsed
  [60/1000] 41s  last: gpt-6-astra M__Q_neutral__m_physicist#1058 -> unparsed
  [70/1000] 47s  last: gpt-6-astra M__Q_neutral__m_physicist#1072 -> unparsed
  [80/1000] 54s  last: gpt-6-astra M__Q_neutral__m_physicist#1081 -> unparsed
  [90/1000] 59s  last: gpt-6-astra M__Q_neutral__m_physicist#1084 -> unparsed
  [100/1000] 63s  last: gpt-6-astra M__Q_neutral__m_physicist#1091 -> unparsed
  [110/1000] 70s  last: gpt-6-astra M__Q_neutral__m_mathematician#1009 -> unparsed
  [120/1000] 75s  last: gpt-6-astra M__Q_neutral__m_mathematician#1020 -> unparsed
  [130/1000] 80s  last: gpt-6-astra M__Q_neutral__m_mathematician#1030 -> unparsed
  [140/1000] 85s  last: gpt-6-astra M__Q_neutral__m_mathematician#1039 -> unparsed
  [150/1000] 90s  last: gpt-6-astra M__Q_neutral__m_mathematician#1048 -> unparsed
  [160/1000] 96s  last: gpt-6-astra M__Q_neutral__m_mathematician#1059 -> unparsed
  [170/1000] 102s  last: gpt-6-astra M__Q_neutral__m_mathematician#1074 -> unparsed
  [180/1000] 107s  last: gpt-6-astra M__Q_neutral__m_mathematician#1080 -> unparsed
  [190/1000] 114s  last: gpt-6-astra M__Q_neutral__m_mathematician#1090 -> unparsed
  [200/1000] 117s  last: gpt-6-astra M__Q_neutral__m_mathematician#1093 -> unparsed
  [210/1000] 123s  last: gpt-6-astra M__Q_neutral__m_lawyer#1011 -> unparsed
  [220/1000] 126s  last: gpt-6-astra M__Q_neutral__m_lawyer#1021 -> unparsed
  [230/1000] 133s  last: gpt-6-astra M__Q_neutral__m_lawyer#1035 -> unparsed
  [240/1000] 137s  last: gpt-6-astra M__Q_neutral__m_lawyer#1034 -> unparsed
  [250/1000] 142s  last: gpt-6-astra M__Q_neutral__m_lawyer#1048 -> unparsed
  [260/1000] 146s  last: gpt-6-astra M__Q_neutral__m_lawyer#1061 -> unparsed
  [270/1000] 150s  last: gpt-6-astra M__Q_neutral__m_lawyer#1072 -> unparsed
  [280/1000] 155s  last: gpt-6-astra M__Q_neutral__m_lawyer#1081 -> unparsed
  [290/1000] 161s  last: gpt-6-astra M__Q_neutral__m_lawyer#1093 -> unparsed
  [300/1000] 165s  last: gpt-6-astra M__Q_neutral__m_lawyer#1097 -> unparsed
  [310/1000] 170s  last: gpt-6-astra M__Q_neutral__m_poker#1010 -> unparsed
  [320/1000] 175s  last: gpt-6-astra M__Q_neutral__m_poker#1018 -> unparsed
  [330/1000] 181s  last: gpt-6-astra M__Q_neutral__m_poker#1026 -> unparsed
  [340/1000] 185s  last: gpt-6-astra M__Q_neutral__m_poker#1038 -> unparsed
  [350/1000] 191s  last: gpt-6-astra M__Q_neutral__m_poker#1046 -> unparsed
  [360/1000] 195s  last: gpt-6-astra M__Q_neutral__m_poker#1059 -> unparsed
  [370/1000] 200s  last: gpt-6-astra M__Q_neutral__m_poker#1066 -> unparsed
  [380/1000] 205s  last: gpt-6-astra M__Q_neutral__m_poker#1079 -> unparsed
  [390/1000] 210s  last: gpt-6-astra M__Q_neutral__m_poker#1093 -> unparsed
  [400/1000] 214s  last: gpt-6-astra M__Q_neutral__m_poker#1099 -> unparsed
  [410/1000] 220s  last: gpt-6-astra M__Q_neutral__m_retired#1009 -> unparsed
  [420/1000] 224s  last: gpt-6-astra M__Q_neutral__m_retired#1012 -> unparsed
  [430/1000] 229s  last: gpt-6-astra M__Q_neutral__m_retired#1034 -> unparsed
  [440/1000] 233s  last: gpt-6-astra M__Q_neutral__m_retired#1037 -> unparsed
  [450/1000] 238s  last: gpt-6-astra M__Q_neutral__m_retired#1049 -> unparsed
  [460/1000] 243s  last: gpt-6-astra M__Q_neutral__m_retired#1062 -> unparsed
  [470/1000] 247s  last: gpt-6-astra M__Q_neutral__m_retired#1067 -> unparsed
  [480/1000] 254s  last: gpt-6-astra M__Q_neutral__m_retired#1079 -> unparsed
  [490/1000] 256s  last: gpt-6-astra M__Q_neutral__m_retired#1094 -> unparsed
  [500/1000] 262s  last: gpt-6-astra M__Q_neutral__m_retired#1096 -> unparsed
  [510/1000] 265s  last: gpt-6-astra M__Q_neutral__m_journalist#1006 -> unparsed
  [520/1000] 269s  last: gpt-6-astra M__Q_neutral__m_journalist#1018 -> unparsed
  [530/1000] 274s  last: gpt-6-astra M__Q_neutral__m_journalist#1032 -> unparsed
  [540/1000] 278s  last: gpt-6-astra M__Q_neutral__m_journalist#1039 -> unparsed
  [550/1000] 282s  last: gpt-6-astra M__Q_neutral__m_journalist#1052 -> unparsed
  [560/1000] 287s  last: gpt-6-astra M__Q_neutral__m_journalist#1057 -> unparsed
  [570/1000] 291s  last: gpt-6-astra M__Q_neutral__m_journalist#1067 -> unparsed
  [580/1000] 295s  last: gpt-6-astra M__Q_neutral__m_journalist#1075 -> unparsed
  [590/1000] 299s  last: gpt-6-astra M__Q_neutral__m_journalist#1090 -> unparsed
  [600/1000] 304s  last: gpt-6-astra M__Q_neutral__m_journalist#1098 -> unparsed
  [610/1000] 309s  last: gpt-6-astra M__Q_neutral__m_pastor#1009 -> unparsed
  [620/1000] 314s  last: gpt-6-astra M__Q_neutral__m_pastor#1022 -> unparsed
  [630/1000] 319s  last: gpt-6-astra M__Q_neutral__m_pastor#1032 -> unparsed
  [640/1000] 325s  last: gpt-6-astra M__Q_neutral__m_pastor#1039 -> unparsed
  [650/1000] 331s  last: gpt-6-astra M__Q_neutral__m_pastor#1048 -> unparsed
  [660/1000] 333s  last: gpt-6-astra M__Q_neutral__m_pastor#1060 -> unparsed
  [670/1000] 339s  last: gpt-6-astra M__Q_neutral__m_pastor#1073 -> unparsed
  [680/1000] 343s  last: gpt-6-astra M__Q_neutral__m_pastor#1077 -> unparsed
  [690/1000] 349s  last: gpt-6-astra M__Q_neutral__m_pastor#1088 -> unparsed
  [700/1000] 353s  last: gpt-6-astra M__Q_neutral__m_pastor#1095 -> unparsed
  [710/1000] 358s  last: gpt-6-astra M__Q_neutral__m_novice#1011 -> unparsed
  [720/1000] 363s  last: gpt-6-astra M__Q_neutral__m_novice#1023 -> unparsed
  [730/1000] 368s  last: gpt-6-astra M__Q_neutral__m_novice#1031 -> unparsed
  [740/1000] 373s  last: gpt-6-astra M__Q_neutral__m_novice#1033 -> unparsed
  [750/1000] 378s  last: gpt-6-astra M__Q_neutral__m_novice#1046 -> unparsed
  [760/1000] 383s  last: gpt-6-astra M__Q_neutral__m_novice#1059 -> unparsed
  [770/1000] 388s  last: gpt-6-astra M__Q_neutral__m_novice#1066 -> unparsed
  [780/1000] 393s  last: gpt-6-astra M__Q_neutral__m_novice#1081 -> unparsed
  [790/1000] 397s  last: gpt-6-astra M__Q_neutral__m_novice#1086 -> unparsed
  [800/1000] 402s  last: gpt-6-astra M__Q_neutral__m_novice#1099 -> unparsed
  [810/1000] 409s  last: gpt-6-astra M__Q_neutral__m_phil_undergrad#1009 -> unparsed
  [820/1000] 417s  last: gpt-6-astra M__Q_neutral__m_phil_undergrad#1019 -> unparsed
  [830/1000] 424s  last: gpt-6-astra M__Q_neutral__m_phil_undergrad#1032 -> unparsed
  [840/1000] 429s  last: gpt-6-astra M__Q_neutral__m_phil_undergrad#1040 -> unparsed
  [850/1000] 436s  last: gpt-6-astra M__Q_neutral__m_phil_undergrad#1046 -> unparsed
  [860/1000] 442s  last: gpt-6-astra M__Q_neutral__m_phil_undergrad#1060 -> unparsed
  [870/1000] 450s  last: gpt-6-astra M__Q_neutral__m_phil_undergrad#1071 -> unparsed
  [880/1000] 456s  last: gpt-6-astra M__Q_neutral__m_phil_undergrad#1078 -> unparsed
  [890/1000] 461s  last: gpt-6-astra M__Q_neutral__m_phil_undergrad#1087 -> unparsed
  [900/1000] 466s  last: gpt-6-astra M__Q_neutral__m_phil_undergrad#1097 -> unparsed
  [910/1000] 470s  last: gpt-6-astra M__Q_neutral__m_acad_econprof#1004 -> unparsed
  [920/1000] 476s  last: gpt-6-astra M__Q_neutral__m_acad_econprof#1014 -> unparsed
