32 prompts x 1 models x n=20 -> 640 calls to make (0 already done)
  [10/640] 11s  last: gpt-6-astra HH__H_realism__none__answer#1 -> realism
  [20/640] 20s  last: gpt-6-astra HH__H_realism__lw_reader__answer#2 -> anti-realism
  [30/640] 31s  last: gpt-6-astra HH__H_realism__lw_reader__answer#9 -> anti-realism
  [40/640] 42s  last: gpt-6-astra HH__H_realism__pre_lw_style_1#1 -> anti-realism
  [50/640] 52s  last: gpt-6-astra HH__H_realism__pre_lw_style_1#11 -> anti-realism
  [60/640] 60s  last: gpt-6-astra HH__H_realism__pre_lw_style_1#18 -> anti-realism
  [70/640] 69s  last: gpt-6-astra HH__H_realism__pre_lw_style_2#11 -> anti-realism
  [80/640] 80s  last: gpt-6-astra HH__H_realism__pre_lw_style_3#2 -> anti-realism
  [90/640] 90s  last: gpt-6-astra HH__H_realism__pre_lw_style_3#8 -> anti-realism
  [100/640] 107s  last: gpt-6-astra HH__H_realism__pre_lw_ref_1#6 -> anti-realism
  [110/640] 112s  last: gpt-6-astra HH__H_realism__pre_lw_ref_1#10 -> anti-realism
  [120/640] 121s  last: gpt-6-astra HH__H_realism__pre_lw_ref_2#1 -> anti-realism
  [130/640] 132s  last: gpt-6-astra HH__H_realism__pre_lw_ref_2#4 -> anti-realism
  [140/640] 143s  last: gpt-6-astra HH__H_realism__pre_lw_ref_3#2 -> anti-realism
  [150/640] 152s  last: gpt-6-astra HH__H_realism__pre_lw_ref_3#14 -> anti-realism
  [160/640] 163s  last: gpt-6-astra HH__H_realism__pre_lw_ref_3#19 -> anti-realism
  [170/640] 172s  last: gpt-6-astra HH__H_realism__pre_casual_1#14 -> realism
  [180/640] 181s  last: gpt-6-astra HH__H_realism__pre_acad_style_2#5 -> realism
  [190/640] 189s  last: gpt-6-astra HH__H_realism__pre_acad_style_2#10 -> realism
  [200/640] 196s  last: gpt-6-astra HH__H_realism__pre_int_solomonoff#1 -> realism
  [210/640] 203s  last: gpt-6-astra HH__H_realism__pre_int_solomonoff#10 -> realism
  [220/640] 210s  last: gpt-6-astra HH__H_realism__pre_int_timelines#0 -> realism
  [230/640] 218s  last: gpt-6-astra HH__H_realism__pre_int_timelines#9 -> realism
  [240/640] 227s  last: gpt-6-astra HH__H_realism__pre_int_timelines#18 -> realism
  [250/640] 238s  last: gpt-6-astra HH__H_realism__pre_int_forecasting#1 -> realism
  [260/640] 256s  last: gpt-6-astra HH__H_realism__conv_lw_task#4 -> realism
  [270/640] 267s  last: gpt-6-astra HH__H_realism__pre_int_forecasting#13 -> realism
  [280/640] 283s  last: gpt-6-astra HH__H_realism__conv_lw_task#18 -> realism
  [290/640] 322s  last: gpt-6-astra HH__H_realism__conv_lw_style_task#11 -> realism
  [300/640] 356s  last: gpt-6-astra HH__H_realism__conv_lw_style_task#17 -> realism
  [310/640] 379s  last: gpt-6-astra HH__H_realism__conv_casual_style_task#6 -> realism
  [320/640] 387s  last: gpt-6-astra HH__V_zombie__none__answer#4 -> yes
  [330/640] 394s  last: gpt-6-astra HH__V_zombie__none__answer#13 -> yes
  [340/640] 401s  last: gpt-6-astra HH__V_zombie__lw_reader__answer#0 -> yes
  [350/640] 408s  last: gpt-6-astra HH__V_zombie__lw_reader__answer#13 -> yes
  [360/640] 413s  last: gpt-6-astra HH__V_zombie__lw_reader__answer#19 -> yes
  [370/640] 418s  last: gpt-6-astra HH__V_zombie__pre_lw_style_1#9 -> yes
  [380/640] 427s  last: gpt-6-astra HH__V_zombie__pre_lw_style_2#3 -> yes
  [390/640] 436s  last: gpt-6-astra HH__V_zombie__pre_lw_style_2#9 -> yes
  [400/640] 442s  last: gpt-6-astra HH__V_zombie__pre_lw_style_2#19 -> yes
  [410/640] 449s  last: gpt-6-astra HH__V_zombie__pre_lw_style_3#9 -> yes
  [420/640] 457s  last: gpt-6-astra HH__V_zombie__pre_lw_style_3#15 -> yes
  [430/640] 463s  last: gpt-6-astra HH__V_zombie__pre_lw_ref_1#8 -> yes
  [440/640] 469s  last: gpt-6-astra HH__V_zombie__pre_lw_ref_1#14 -> yes
  [450/640] 476s  last: gpt-6-astra HH__V_zombie__pre_lw_ref_2#13 -> yes
  [460/640] 482s  last: gpt-6-astra HH__V_zombie__pre_lw_ref_3#2 -> yes
  [470/640] 488s  last: gpt-6-astra HH__V_zombie__pre_lw_ref_3#8 -> yes
  [480/640] 493s  last: gpt-6-astra HH__V_zombie__pre_casual_1#1 -> yes
  [490/640] 498s  last: gpt-6-astra HH__V_zombie__pre_casual_1#7 -> yes
  [500/640] 503s  last: gpt-6-astra HH__V_zombie__pre_casual_1#17 -> yes
  [510/640] 508s  last: gpt-6-astra HH__V_zombie__pre_acad_style_2#9 -> yes
  [520/640] 515s  last: gpt-6-astra HH__V_zombie__pre_int_solomonoff#2 -> yes
  [530/640] 520s  last: gpt-6-astra HH__V_zombie__pre_int_solomonoff#0 -> yes
  [540/640] 524s  last: gpt-6-astra HH__V_zombie__pre_int_solomonoff#18 -> yes
  [550/640] 529s  last: gpt-6-astra HH__V_zombie__pre_int_timelines#4 -> yes
  [560/640] 535s  last: gpt-6-astra HH__V_zombie__pre_int_timelines#19 -> yes
  [570/640] 541s  last: gpt-6-astra HH__V_zombie__pre_int_forecasting#9 -> yes
  [580/640] 546s  last: gpt-6-astra HH__V_zombie__pre_int_forecasting#19 -> yes
  [590/640] 561s  last: gpt-6-astra HH__V_zombie__conv_lw_task#9 -> yes
  [600/640] 577s  last: gpt-6-astra HH__V_zombie__conv_lw_task#16 -> yes
  [610/640] 616s  last: gpt-6-astra HH__V_zombie__conv_lw_style_task#10 -> yes
  [620/640] 640s  last: gpt-6-astra HH__V_zombie__conv_lw_style_task#15 -> yes
  [630/640] 661s  last: gpt-6-astra HH__V_zombie__conv_casual_style_task#15 -> yes
  [640/640] 696s  last: gpt-6-astra HH__V_zombie__conv_casual_style_task#9 -> yes
done: 640 ok, 0 errors, 696s
