182 prompts x 1 models x n=20 -> 3640 calls to make (0 already done)
  [10/3640] 5s  last: gpt-6-astra AA__P_newcomb__none__action#6 -> one-box
  [20/3640] 10s  last: gpt-6-astra AA__P_newcomb__none__action#19 -> one-box
  [30/3640] 13s  last: gpt-6-astra AA__P_newcomb__acad_teach__action#12 -> one-box
  [40/3640] 19s  last: gpt-6-astra AA__P_newcomb__acad_teach__action#16 -> one-box
  [50/3640] 24s  last: gpt-6-astra AA__P_newcomb__x_published__action#11 -> one-box
  [60/3640] 28s  last: gpt-6-astra AA__P_newcomb__x_published__action#15 -> one-box
  [70/3640] 31s  last: gpt-6-astra AA__P_newcomb__lw_reader__action#4 -> one-box
  [80/3640] 35s  last: gpt-6-astra AA__P_newcomb__lw_reader__action#13 -> one-box
  [90/3640] 39s  last: gpt-6-astra AA__P_newcomb__pre_acad_ref_2#9 -> one-box
  [100/3640] 43s  last: gpt-6-astra AA__P_newcomb__pre_acad_ref_2#17 -> one-box
  [110/3640] 47s  last: gpt-6-astra AA__P_newcomb__pre_acad_style_2#15 -> one-box
  [120/3640] 56s  last: gpt-6-astra AA__P_newcomb__pre_acad_style_2#5 -> one-box
  [130/3640] 90s  last: gpt-6-astra AA__P_newcomb__conv_acad_task#9 -> one-box
  [140/3640] 115s  last: gpt-6-astra AA__P_newcomb__conv_dt_teacher#2 -> one-box
  [150/3640] 125s  last: gpt-6-astra AA__P_newcomb__conv_acad_task#17 -> one-box
  [160/3640] 142s  last: gpt-6-astra AA__P_newcomb__conv_dt_teacher#12 -> one-box
  [170/3640] 149s  last: gpt-6-astra AA__P_newcomb__conv_lw_task#8 -> one-box
  [180/3640] 155s  last: gpt-6-astra AA__P_newcomb__conv_lw_task#14 -> one-box
  [190/3640] 160s  last: gpt-6-astra AA__P_newcomb__sys_acad_prof#6 -> one-box
  [200/3640] 163s  last: gpt-6-astra AA__P_newcomb__sys_acad_prof#15 -> one-box
  [210/3640] 166s  last: gpt-6-astra AA__P_twinpd__none__action#10 -> cooperate
  [220/3640] 169s  last: gpt-6-astra AA__P_twinpd__acad_teach__action#1 -> cooperate
  [230/3640] 172s  last: gpt-6-astra AA__P_twinpd__acad_teach__action#8 -> cooperate
  [240/3640] 175s  last: gpt-6-astra AA__P_twinpd__acad_teach__action#15 -> cooperate
  [250/3640] 178s  last: gpt-6-astra AA__P_twinpd__x_published__action#10 -> cooperate
  [260/3640] 181s  last: gpt-6-astra AA__P_twinpd__x_published__action#15 -> cooperate
  [270/3640] 183s  last: gpt-6-astra AA__P_twinpd__lw_reader__action#10 -> cooperate
  [280/3640] 187s  last: gpt-6-astra AA__P_twinpd__lw_reader__action#11 -> cooperate
  [290/3640] 192s  last: gpt-6-astra AA__P_twinpd__pre_acad_ref_2#14 -> cooperate
  [300/3640] 194s  last: gpt-6-astra AA__P_twinpd__pre_acad_ref_2#8 -> cooperate
  [310/3640] 198s  last: gpt-6-astra AA__P_twinpd__pre_acad_style_2#13 -> cooperate
  [320/3640] 202s  last: gpt-6-astra AA__P_twinpd__pre_acad_style_2#19 -> cooperate
  [330/3640] 238s  last: gpt-6-astra AA__P_twinpd__conv_acad_task#5 -> cooperate
  [340/3640] 264s  last: gpt-6-astra AA__P_twinpd__conv_dt_teacher#4 -> cooperate
  [350/3640] 269s  last: gpt-6-astra AA__P_twinpd__conv_acad_task#18 -> cooperate
  [360/3640] 284s  last: gpt-6-astra AA__P_twinpd__conv_lw_task#7 -> cooperate
  [370/3640] 293s  last: gpt-6-astra AA__P_twinpd__conv_lw_task#10 -> cooperate
  [380/3640] 297s  last: gpt-6-astra AA__P_twinpd__sys_acad_prof#1 -> cooperate
  [390/3640] 301s  last: gpt-6-astra AA__P_twinpd__sys_acad_prof#11 -> cooperate
  [400/3640] 303s  last: gpt-6-astra AA__P_twinpd__sys_acad_prof#19 -> cooperate
  [410/3640] 309s  last: gpt-6-astra AA__P_cfmugging__none__action#4 -> pay
  [420/3640] 313s  last: gpt-6-astra AA__P_cfmugging__acad_teach__action#0 -> pay
  [430/3640] 318s  last: gpt-6-astra AA__P_cfmugging__acad_teach__action#9 -> pay
  [440/3640] 322s  last: gpt-6-astra AA__P_cfmugging__acad_teach__action#16 -> don't-pay
  [450/3640] 328s  last: gpt-6-astra AA__P_cfmugging__x_published__action#7 -> pay
  [460/3640] 332s  last: gpt-6-astra AA__P_cfmugging__lw_reader__action#0 -> pay
  [470/3640] 335s  last: gpt-6-astra AA__P_cfmugging__lw_reader__action#8 -> pay
  [480/3640] 341s  last: gpt-6-astra AA__P_cfmugging__pre_acad_ref_2#2 -> pay
  [490/3640] 345s  last: gpt-6-astra AA__P_cfmugging__pre_acad_ref_2#11 -> pay
  [500/3640] 350s  last: gpt-6-astra AA__P_cfmugging__pre_acad_ref_2#19 -> pay
  [510/3640] 355s  last: gpt-6-astra AA__P_cfmugging__pre_acad_style_2#3 -> pay
  [520/3640] 361s  last: gpt-6-astra AA__P_cfmugging__pre_acad_style_2#19 -> pay
  [530/3640] 398s  last: gpt-6-astra AA__P_cfmugging__conv_acad_task#9 -> don't-pay
  [540/3640] 425s  last: gpt-6-astra AA__P_cfmugging__conv_dt_teacher#7 -> don't-pay
  [550/3640] 433s  last: gpt-6-astra AA__P_cfmugging__conv_dt_teacher#11 -> don't-pay
  [560/3640] 450s  last: gpt-6-astra AA__P_cfmugging__conv_lw_task#2 -> pay
  [570/3640] 459s  last: gpt-6-astra AA__P_cfmugging__conv_lw_task#8 -> pay
  [580/3640] 467s  last: gpt-6-astra AA__P_cfmugging__conv_lw_task#14 -> pay
  [590/3640] 472s  last: gpt-6-astra AA__P_cfmugging__sys_acad_prof#9 -> pay
  [600/3640] 475s  last: gpt-6-astra AA__P_cfmugging__sys_acad_prof#18 -> pay
  [610/3640] 477s  last: gpt-6-astra AA__P_transparent__none__action#5 -> two-box
  [620/3640] 480s  last: gpt-6-astra AA__P_transparent__acad_teach__action#1 -> two-box
  [630/3640] 482s  last: gpt-6-astra AA__P_transparent__acad_teach__action#11 -> two-box
  [640/3640] 486s  last: gpt-6-astra AA__P_transparent__acad_teach__action#19 -> two-box
  [650/3640] 489s  last: gpt-6-astra AA__P_transparent__x_published__action#11 -> two-box
  [660/3640] 494s  last: gpt-6-astra AA__P_transparent__x_published__action#17 -> two-box
  [670/3640] 501s  last: gpt-6-astra AA__P_transparent__lw_reader__action#8 -> two-box
  [680/3640] 506s  last: gpt-6-astra AA__P_transparent__pre_acad_ref_2#3 -> two-box
  [690/3640] 510s  last: gpt-6-astra AA__P_transparent__pre_acad_ref_2#9 -> two-box
  [700/3640] 514s  last: gpt-6-astra AA__P_transparent__pre_acad_style_2#1 -> two-box
  [710/3640] 517s  last: gpt-6-astra AA__P_transparent__pre_acad_style_2#10 -> two-box
  [720/3640] 523s  last: gpt-6-astra AA__P_transparent__pre_acad_style_2#19 -> two-box
  [730/3640] 556s  last: gpt-6-astra AA__P_transparent__conv_acad_task#3 -> two-box
  [740/3640] 579s  last: gpt-6-astra AA__P_transparent__conv_dt_teacher#10 -> two-box
  [750/3640] 589s  last: gpt-6-astra AA__P_transparent__conv_acad_task#19 -> two-box
  [760/3640] 603s  last: gpt-6-astra AA__P_transparent__conv_lw_task#5 -> two-box
  [770/3640] 609s  last: gpt-6-astra AA__P_transparent__sys_acad_prof#0 -> two-box
  [780/3640] 616s  last: gpt-6-astra AA__P_transparent__conv_lw_task#12 -> two-box
  [790/3640] 619s  last: gpt-6-astra AA__P_transparent__conv_lw_task#18 -> two-box
  [800/3640] 621s  last: gpt-6-astra AA__P_transparent__sys_acad_prof#15 -> two-box
  [810/3640] 623s  last: gpt-6-astra AA__P_bomb__none__action#8 -> right
  [820/3640] 625s  last: gpt-6-astra AA__P_bomb__none__action#19 -> right
  [830/3640] 627s  last: gpt-6-astra AA__P_bomb__acad_teach__action#10 -> right
  [840/3640] 630s  last: gpt-6-astra AA__P_bomb__x_published__action#4 -> right
  [850/3640] 633s  last: gpt-6-astra AA__P_bomb__x_published__action#13 -> right
  [860/3640] 635s  last: gpt-6-astra AA__P_bomb__lw_reader__action#0 -> right
  [870/3640] 639s  last: gpt-6-astra AA__P_bomb__lw_reader__action#8 -> right
  [880/3640] 641s  last: gpt-6-astra AA__P_bomb__lw_reader__action#18 -> right
  [890/3640] 645s  last: gpt-6-astra AA__P_bomb__pre_acad_ref_2#8 -> right
  [900/3640] 648s  last: gpt-6-astra AA__P_bomb__pre_acad_style_2#2 -> right
  [910/3640] 650s  last: gpt-6-astra AA__P_bomb__pre_acad_style_2#13 -> right
  [920/3640] 652s  last: gpt-6-astra AA__P_bomb__pre_acad_style_2#12 -> right
  [930/3640] 693s  last: gpt-6-astra AA__P_bomb__conv_acad_task#1 -> right
  [940/3640] 716s  last: gpt-6-astra AA__P_bomb__conv_dt_teacher#0 -> right
  [950/3640] 724s  last: gpt-6-astra AA__P_bomb__conv_acad_task#16 -> right
  [960/3640] 737s  last: gpt-6-astra AA__P_bomb__conv_dt_teacher#14 -> right
  [970/3640] 746s  last: gpt-6-astra AA__P_bomb__sys_acad_prof#1 -> right
  [980/3640] 749s  last: gpt-6-astra AA__P_bomb__sys_acad_prof#4 -> right
  [990/3640] 752s  last: gpt-6-astra AA__P_bomb__sys_acad_prof#9 -> right
  [1000/3640] 757s  last: gpt-6-astra AA__P_bomb__sys_acad_prof#19 -> right
  [1010/3640] 761s  last: gpt-6-astra AA__Q_acausal__none__answer#13 -> yes
  [1020/3640] 765s  last: gpt-6-astra AA__Q_acausal__none__answer#17 -> yes
  [1030/3640] 770s  last: gpt-6-astra AA__Q_acausal__acad_teach__answer#12 -> yes
  [1040/3640] 776s  last: gpt-6-astra AA__Q_acausal__x_published__answer#0 -> yes
  [1050/3640] 782s  last: gpt-6-astra AA__Q_acausal__x_published__answer#10 -> no
  [1060/3640] 787s  last: gpt-6-astra AA__Q_acausal__x_published__answer#17 -> yes
  [1070/3640] 791s  last: gpt-6-astra AA__Q_acausal__lw_reader__answer#6 -> yes
  [1080/3640] 797s  last: gpt-6-astra AA__Q_acausal__lw_reader__answer#16 -> yes
  [1090/3640] 800s  last: gpt-6-astra AA__Q_acausal__pre_acad_ref_2#10 -> yes
  [1100/3640] 805s  last: gpt-6-astra AA__Q_acausal__pre_acad_style_2#4 -> yes
  [1110/3640] 812s  last: gpt-6-astra AA__Q_acausal__pre_acad_style_2#15 -> yes
  [1120/3640] 816s  last: gpt-6-astra AA__Q_acausal__pre_acad_style_2#17 -> yes
  [1130/3640] 850s  last: gpt-6-astra AA__Q_acausal__conv_acad_task#12 -> yes
  [1140/3640] 877s  last: gpt-6-astra AA__Q_acausal__conv_dt_teacher#1 -> no
  [1150/3640] 884s  last: gpt-6-astra AA__Q_acausal__conv_acad_task#18 -> no
  [1160/3640] 901s  last: gpt-6-astra AA__Q_acausal__conv_lw_task#1 -> yes
  [1170/3640] 912s  last: gpt-6-astra AA__Q_acausal__conv_lw_task#12 -> yes
  [1180/3640] 917s  last: gpt-6-astra AA__Q_acausal__conv_lw_task#18 -> no
  [1190/3640] 922s  last: gpt-6-astra AA__Q_acausal__sys_acad_prof#11 -> yes
  [1200/3640] 926s  last: gpt-6-astra AA__Q_acausal__sys_acad_prof#15 -> yes
  [1210/3640] 929s  last: gpt-6-astra AA__Q_acausal_confused__none__answer#10 -> no
  [1220/3640] 933s  last: gpt-6-astra AA__Q_acausal_confused__none__answer#18 -> no
  [1230/3640] 939s  last: gpt-6-astra AA__Q_acausal_confused__acad_teach__answer#9 -> no
  [1240/3640] 945s  last: gpt-6-astra AA__Q_acausal_confused__x_published__answer#1 -> no
  [1250/3640] 949s  last: gpt-6-astra AA__Q_acausal_confused__x_published__answer#8 -> no
  [1260/3640] 954s  last: gpt-6-astra AA__Q_acausal_confused__x_published__answer#15 -> no
  [1270/3640] 959s  last: gpt-6-astra AA__Q_acausal_confused__lw_reader__answer#10 -> no
  [1280/3640] 962s  last: gpt-6-astra AA__Q_acausal_confused__lw_reader__answer#19 -> no
  [1290/3640] 970s  last: gpt-6-astra AA__Q_acausal_confused__pre_acad_ref_2#11 -> no
  [1300/3640] 975s  last: gpt-6-astra AA__Q_acausal_confused__pre_acad_ref_2#17 -> no
  [1310/3640] 979s  last: gpt-6-astra AA__Q_acausal_confused__pre_acad_ref_2#19 -> no
  [1320/3640] 985s  last: gpt-6-astra AA__Q_acausal_confused__pre_acad_style_2#17 -> no
  [1330/3640] 1018s  last: gpt-6-astra AA__Q_acausal_confused__conv_acad_task#8 -> no
  [1340/3640] 1043s  last: gpt-6-astra AA__Q_acausal_confused__conv_dt_teacher#7 -> no
  [1350/3640] 1052s  last: gpt-6-astra AA__Q_acausal_confused__conv_dt_teacher#11 -> no
  [1360/3640] 1065s  last: gpt-6-astra AA__Q_acausal_confused__conv_lw_task#6 -> no
  [1370/3640] 1073s  last: gpt-6-astra AA__Q_acausal_confused__conv_dt_teacher#16 -> no
  [1380/3640] 1080s  last: gpt-6-astra AA__Q_acausal_confused__conv_lw_task#18 -> no
  [1390/3640] 1086s  last: gpt-6-astra AA__Q_acausal_confused__sys_acad_prof#10 -> no
  [1400/3640] 1090s  last: gpt-6-astra AA__Q_acausal_confused__sys_acad_prof#18 -> no
  [1410/3640] 1094s  last: gpt-6-astra AA__Q_ecl__none__answer#10 -> yes
  [1420/3640] 1100s  last: gpt-6-astra AA__Q_ecl__none__answer#17 -> yes
  [1430/3640] 1107s  last: gpt-6-astra AA__Q_ecl__acad_teach__answer#9 -> no
  [1440/3640] 1113s  last: gpt-6-astra AA__Q_ecl__acad_teach__answer#16 -> yes
  [1450/3640] 1121s  last: gpt-6-astra AA__Q_ecl__x_published__answer#13 -> no
  [1460/3640] 1126s  last: gpt-6-astra AA__Q_ecl__lw_reader__answer#3 -> yes
  [1470/3640] 1132s  last: gpt-6-astra AA__Q_ecl__lw_reader__answer#8 -> yes
  [1480/3640] 1137s  last: gpt-6-astra AA__Q_ecl__lw_reader__answer#18 -> yes
  [1490/3640] 1143s  last: gpt-6-astra AA__Q_ecl__pre_acad_ref_2#6 -> no
  [1500/3640] 1150s  last: gpt-6-astra AA__Q_ecl__pre_acad_ref_2#16 -> no
  [1510/3640] 1157s  last: gpt-6-astra AA__Q_ecl__pre_acad_style_2#8 -> yes
  [1520/3640] 1166s  last: gpt-6-astra AA__Q_ecl__pre_acad_style_2#19 -> no
  [1530/3640] 1199s  last: gpt-6-astra AA__Q_ecl__conv_acad_task#9 -> yes
  [1540/3640] 1224s  last: gpt-6-astra AA__Q_ecl__conv_dt_teacher#1 -> no
  [1550/3640] 1234s  last: gpt-6-astra AA__Q_ecl__conv_dt_teacher#7 -> no
  [1560/3640] 1250s  last: gpt-6-astra AA__Q_ecl__conv_lw_task#4 -> yes
  [1570/3640] 1261s  last: gpt-6-astra AA__Q_ecl__conv_lw_task#8 -> yes
  [1580/3640] 1268s  last: gpt-6-astra AA__Q_ecl__conv_lw_task#17 -> yes
  [1590/3640] 1274s  last: gpt-6-astra AA__Q_ecl__sys_acad_prof#7 -> no
  [1600/3640] 1279s  last: gpt-6-astra AA__Q_ecl__sys_acad_prof#12 -> yes
  [1610/3640] 1285s  last: gpt-6-astra BB__P_newcomb__none__plain#9 -> unparsed
  [1620/3640] 1289s  last: gpt-6-astra BB__P_newcomb__none__hook#1 -> unparsed
  [1630/3640] 1294s  last: gpt-6-astra BB__P_newcomb__none__hook#11 -> unparsed
  [1640/3640] 1299s  last: gpt-6-astra BB__P_newcomb__acad_teach__plain#1 -> unparsed
  [1650/3640] 1305s  last: gpt-6-astra BB__P_newcomb__acad_teach__plain#6 -> unparsed
  [1660/3640] 1310s  last: gpt-6-astra BB__P_newcomb__acad_teach__hook#3 -> unparsed
  [1670/3640] 1314s  last: gpt-6-astra BB__P_newcomb__acad_teach__hook#10 -> unparsed
  [1680/3640] 1321s  last: gpt-6-astra BB__P_newcomb__acad_teach__hook#16 -> unparsed
  [1690/3640] 1328s  last: gpt-6-astra BB__P_newcomb__lw_reader__plain#9 -> unparsed
  [1700/3640] 1333s  last: gpt-6-astra BB__P_newcomb__lw_reader__plain#18 -> unparsed
  [1710/3640] 1339s  last: gpt-6-astra BB__P_newcomb__lw_reader__hook#11 -> unparsed
  [1720/3640] 1347s  last: gpt-6-astra BB__P_newcomb__lw_reader__hook#19 -> unparsed
  [1730/3640] 1355s  last: gpt-6-astra BB__P_newcomb__pre_acad_ref_2__plain#11 -> unparsed
  [1740/3640] 1364s  last: gpt-6-astra BB__P_newcomb__pre_acad_ref_2__plain#19 -> unparsed
  [1750/3640] 1372s  last: gpt-6-astra BB__P_newcomb__pre_acad_ref_2__hook#9 -> unparsed
  [1760/3640] 1383s  last: gpt-6-astra BB__P_newcomb__pre_acad_ref_2__hook#18 -> unparsed
  [1770/3640] 1416s  last: gpt-6-astra BB__P_newcomb__conv_acad_task__plain#13 -> unparsed
  [1780/3640] 1448s  last: gpt-6-astra BB__P_newcomb__conv_acad_task__hook#1 -> unparsed
  [1790/3640] 1465s  last: gpt-6-astra BB__P_newcomb__conv_acad_task__hook#8 -> unparsed
  [1800/3640] 1474s  last: gpt-6-astra BB__P_twinpd__none__plain#10 -> unparsed
  [1810/3640] 1483s  last: gpt-6-astra BB__P_newcomb__conv_acad_task__hook#12 -> unparsed
  [1820/3640] 1488s  last: gpt-6-astra BB__P_newcomb__conv_acad_task__hook#14 -> unparsed
  [1830/3640] 1492s  last: gpt-6-astra BB__P_twinpd__none__hook#11 -> unparsed
  [1840/3640] 1500s  last: gpt-6-astra BB__P_twinpd__acad_teach__plain#2 -> unparsed
  [1850/3640] 1507s  last: gpt-6-astra BB__P_twinpd__acad_teach__plain#13 -> unparsed
  [1860/3640] 1514s  last: gpt-6-astra BB__P_twinpd__acad_teach__hook#5 -> unparsed
  [1870/3640] 1521s  last: gpt-6-astra BB__P_twinpd__acad_teach__hook#10 -> unparsed
  [1880/3640] 1527s  last: gpt-6-astra BB__P_twinpd__lw_reader__plain#3 -> unparsed
  [1890/3640] 1533s  last: gpt-6-astra BB__P_twinpd__lw_reader__plain#11 -> unparsed
  [1900/3640] 1538s  last: gpt-6-astra BB__P_twinpd__lw_reader__hook#4 -> unparsed
  [1910/3640] 1545s  last: gpt-6-astra BB__P_twinpd__lw_reader__hook#11 -> unparsed
  [1920/3640] 1551s  last: gpt-6-astra BB__P_twinpd__lw_reader__hook#14 -> unparsed
  [1930/3640] 1563s  last: gpt-6-astra BB__P_twinpd__pre_acad_ref_2__plain#10 -> unparsed
  [1940/3640] 1572s  last: gpt-6-astra BB__P_twinpd__pre_acad_ref_2__plain#19 -> unparsed
  [1950/3640] 1579s  last: gpt-6-astra BB__P_twinpd__pre_acad_ref_2__hook#7 -> unparsed
  [1960/3640] 1595s  last: gpt-6-astra BB__P_twinpd__pre_acad_ref_2__hook#18 -> unparsed
  [1970/3640] 1627s  last: gpt-6-astra BB__P_twinpd__conv_acad_task__plain#4 -> unparsed
  [1980/3640] 1661s  last: gpt-6-astra BB__P_twinpd__conv_acad_task__plain#16 -> unparsed
  [1990/3640] 1677s  last: gpt-6-astra BB__P_twinpd__conv_acad_task__hook#10 -> unparsed
  [2000/3640] 1687s  last: gpt-6-astra BB__P_cfmugging__none__plain#8 -> unparsed
  [2010/3640] 1698s  last: gpt-6-astra BB__P_twinpd__conv_acad_task__hook#13 -> unparsed
  [2020/3640] 1706s  last: gpt-6-astra BB__P_cfmugging__none__hook#1 -> unparsed
  [2030/3640] 1712s  last: gpt-6-astra BB__P_cfmugging__none__hook#13 -> unparsed
  [2040/3640] 1718s  last: gpt-6-astra BB__P_cfmugging__none__hook#10 -> unparsed
  [2050/3640] 1723s  last: gpt-6-astra BB__P_cfmugging__acad_teach__plain#8 -> unparsed
  [2060/3640] 1728s  last: gpt-6-astra BB__P_cfmugging__acad_teach__plain#15 -> unparsed
  [2070/3640] 1734s  last: gpt-6-astra BB__P_cfmugging__acad_teach__hook#10 -> unparsed
  [2080/3640] 1739s  last: gpt-6-astra BB__P_cfmugging__acad_teach__hook#19 -> unparsed
  [2090/3640] 1747s  last: gpt-6-astra BB__P_cfmugging__lw_reader__plain#12 -> unparsed
  [2100/3640] 1755s  last: gpt-6-astra BB__P_cfmugging__lw_reader__hook#1 -> unparsed
  [2110/3640] 1763s  last: gpt-6-astra BB__P_cfmugging__lw_reader__hook#12 -> unparsed
  [2120/3640] 1771s  last: gpt-6-astra BB__P_cfmugging__pre_acad_ref_2__plain#1 -> unparsed
  [2130/3640] 1781s  last: gpt-6-astra BB__P_cfmugging__pre_acad_ref_2__plain#10 -> unparsed
  [2140/3640] 1789s  last: gpt-6-astra BB__P_cfmugging__pre_acad_ref_2__hook#3 -> unparsed
  [2150/3640] 1798s  last: gpt-6-astra BB__P_cfmugging__pre_acad_ref_2__hook#10 -> unparsed
  [2160/3640] 1806s  last: gpt-6-astra BB__P_cfmugging__pre_acad_ref_2__hook#19 -> unparsed
  [2170/3640] 1842s  last: gpt-6-astra BB__P_cfmugging__conv_acad_task__plain#15 -> unparsed
  [2180/3640] 1878s  last: gpt-6-astra BB__P_cfmugging__conv_acad_task__plain#16 -> unparsed
  [2190/3640] 1884s  last: gpt-6-astra BB__P_cfmugging__conv_acad_task__plain#17 -> unparsed
  [2200/3640] 1904s  last: gpt-6-astra BB__P_transparent__none__plain#8 -> unparsed
  [2210/3640] 1914s  last: gpt-6-astra BB__P_transparent__none__plain#16 -> unparsed
  [2220/3640] 1920s  last: gpt-6-astra BB__P_transparent__none__hook#2 -> unparsed
  [2230/3640] 1929s  last: gpt-6-astra BB__P_transparent__none__hook#8 -> unparsed
  [2240/3640] 1935s  last: gpt-6-astra BB__P_transparent__acad_teach__plain#2 -> unparsed
  [2250/3640] 1942s  last: gpt-6-astra BB__P_transparent__acad_teach__plain#14 -> unparsed
  [2260/3640] 1946s  last: gpt-6-astra BB__P_transparent__acad_teach__hook#3 -> unparsed
  [2270/3640] 1953s  last: gpt-6-astra BB__P_transparent__acad_teach__plain#6 -> unparsed
  [2280/3640] 1958s  last: gpt-6-astra BB__P_transparent__acad_teach__hook#0 -> unparsed
  [2290/3640] 1972s  last: gpt-6-astra BB__P_transparent__lw_reader__plain#3 -> unparsed
  [2300/3640] 1983s  last: gpt-6-astra BB__P_transparent__lw_reader__hook#1 -> unparsed
  [2310/3640] 1991s  last: gpt-6-astra BB__P_transparent__lw_reader__hook#11 -> unparsed
  [2320/3640] 2000s  last: gpt-6-astra BB__P_transparent__pre_acad_ref_2__plain#2 -> unparsed
  [2330/3640] 2010s  last: gpt-6-astra BB__P_transparent__pre_acad_ref_2__plain#12 -> unparsed
  [2340/3640] 2015s  last: gpt-6-astra BB__P_transparent__pre_acad_ref_2__plain#19 -> unparsed
  [2350/3640] 2025s  last: gpt-6-astra BB__P_transparent__pre_acad_ref_2__hook#16 -> unparsed
  [2360/3640] 2044s  last: gpt-6-astra BB__P_transparent__pre_acad_ref_2__hook#18 -> unparsed
  [2370/3640] 2066s  last: gpt-6-astra BB__P_transparent__conv_acad_task__plain#5 -> unparsed
  [2380/3640] 2103s  last: gpt-6-astra BB__P_transparent__conv_acad_task__plain#19 -> unparsed
  [2390/3640] 2111s  last: gpt-6-astra BB__P_transparent__conv_acad_task__hook#3 -> unparsed
  [2400/3640] 2127s  last: gpt-6-astra BB__Q_acausal__none__plain#10 -> unparsed
  [2410/3640] 2138s  last: gpt-6-astra BB__P_transparent__conv_acad_task__hook#18 -> unparsed
  [2420/3640] 2145s  last: gpt-6-astra BB__P_transparent__conv_acad_task__hook#19 -> unparsed
  [2430/3640] 2151s  last: gpt-6-astra BB__Q_acausal__none__hook#8 -> unparsed
  [2440/3640] 2159s  last: gpt-6-astra BB__Q_acausal__none__hook#15 -> unparsed
  [2450/3640] 2168s  last: gpt-6-astra BB__Q_acausal__acad_teach__plain#11 -> unparsed
  [2460/3640] 2175s  last: gpt-6-astra BB__Q_acausal__acad_teach__plain#16 -> unparsed
  [2470/3640] 2182s  last: gpt-6-astra BB__Q_acausal__acad_teach__hook#10 -> unparsed
  [2480/3640] 2190s  last: gpt-6-astra BB__Q_acausal__acad_teach__hook#19 -> unparsed
  [2490/3640] 2198s  last: gpt-6-astra BB__Q_acausal__lw_reader__plain#5 -> unparsed
  [2500/3640] 2206s  last: gpt-6-astra BB__Q_acausal__lw_reader__hook#0 -> unparsed
  [2510/3640] 2214s  last: gpt-6-astra BB__Q_acausal__lw_reader__hook#7 -> unparsed
  [2520/3640] 2224s  last: gpt-6-astra BB__Q_acausal__lw_reader__hook#19 -> unparsed
  [2530/3640] 2232s  last: gpt-6-astra BB__Q_acausal__pre_acad_ref_2__plain#11 -> unparsed
  [2540/3640] 2247s  last: gpt-6-astra BB__Q_acausal__pre_acad_ref_2__hook#5 -> unparsed
  [2550/3640] 2252s  last: gpt-6-astra BB__Q_acausal__pre_acad_ref_2__hook#10 -> unparsed
  [2560/3640] 2266s  last: gpt-6-astra BB__Q_acausal__pre_acad_ref_2__hook#19 -> unparsed
  [2570/3640] 2303s  last: gpt-6-astra BB__Q_acausal__conv_acad_task__plain#6 -> unparsed
  [2580/3640] 2337s  last: gpt-6-astra BB__Q_acausal__conv_acad_task__plain#19 -> unparsed
  [2590/3640] 2351s  last: gpt-6-astra BBR__P_newcomb__none#0 -> unparsed
  [2600/3640] 2362s  last: gpt-6-astra BBR__P_newcomb__none#7 -> unparsed
  [2610/3640] 2370s  last: gpt-6-astra BBR__P_newcomb__none#15 -> unparsed
  [2620/3640] 2379s  last: gpt-6-astra BBR__P_newcomb__acad_teach#4 -> unparsed
  [2630/3640] 2383s  last: gpt-6-astra BBR__P_newcomb__acad_teach#8 -> unparsed
  [2640/3640] 2391s  last: gpt-6-astra BBR__P_newcomb__lw_reader#3 -> unparsed
  [2650/3640] 2397s  last: gpt-6-astra BBR__P_newcomb__lw_reader#11 -> unparsed
  [2660/3640] 2402s  last: gpt-6-astra BBR__P_newcomb__lw_reader#14 -> unparsed
  [2670/3640] 2409s  last: gpt-6-astra BBR__P_newcomb__pre_acad_ref_2#9 -> unparsed
  [2680/3640] 2423s  last: gpt-6-astra BBR__P_newcomb__pre_acad_ref_2#2 -> unparsed
  [2690/3640] 2454s  last: gpt-6-astra BBR__P_newcomb__conv_acad_task#9 -> unparsed
  [2700/3640] 2461s  last: gpt-6-astra BBR__P_newcomb__conv_acad_task#11 -> unparsed
  [2710/3640] 2468s  last: gpt-6-astra BBR__P_twinpd__none#15 -> unparsed
  [2720/3640] 2475s  last: gpt-6-astra BBR__P_twinpd__acad_teach#6 -> unparsed
  [2730/3640] 2482s  last: gpt-6-astra BBR__P_twinpd__acad_teach#14 -> unparsed
  [2740/3640] 2486s  last: gpt-6-astra BBR__P_newcomb__conv_acad_task#16 -> unparsed
  [2750/3640] 2491s  last: gpt-6-astra BBR__P_newcomb__conv_acad_task#18 -> unparsed
  [2760/3640] 2497s  last: gpt-6-astra BBR__P_twinpd__lw_reader#19 -> unparsed
  [2770/3640] 2501s  last: gpt-6-astra BBR__P_twinpd__pre_acad_ref_2#9 -> unparsed
  [2780/3640] 2507s  last: gpt-6-astra BBR__P_twinpd__pre_acad_ref_2#16 -> unparsed
  [2790/3640] 2545s  last: gpt-6-astra BBR__P_twinpd__conv_acad_task#2 -> unparsed
  [2800/3640] 2552s  last: gpt-6-astra CC__F_newcomb_rational__none__action#4 -> one-box
  [2810/3640] 2559s  last: gpt-6-astra CC__F_newcomb_rational__none__action#16 -> one-box
  [2820/3640] 2564s  last: gpt-6-astra CC__F_newcomb_rational__acad_teach__action#4 -> one-box
  [2830/3640] 2570s  last: gpt-6-astra CC__F_newcomb_rational__acad_teach__action#9 -> one-box
  [2840/3640] 2577s  last: gpt-6-astra CC__F_newcomb_rational__pre_acad_ref_2#2 -> one-box
  [2850/3640] 2581s  last: gpt-6-astra CC__F_newcomb_rational__pre_acad_ref_2#13 -> one-box
  [2860/3640] 2585s  last: gpt-6-astra CC__F_newcomb_advise__none__action#1 -> one-box
  [2870/3640] 2589s  last: gpt-6-astra CC__F_newcomb_advise__none__action#6 -> one-box
  [2880/3640] 2592s  last: gpt-6-astra CC__F_newcomb_advise__none__action#19 -> one-box
  [2890/3640] 2596s  last: gpt-6-astra CC__F_newcomb_advise__acad_teach__action#5 -> one-box
  [2900/3640] 2601s  last: gpt-6-astra CC__F_newcomb_advise__pre_acad_ref_2#2 -> one-box
  [2910/3640] 2604s  last: gpt-6-astra CC__F_newcomb_advise__pre_acad_ref_2#1 -> one-box
  [2920/3640] 2610s  last: gpt-6-astra CC__F_newcomb_exam__none__action#2 -> one-box
  [2930/3640] 2615s  last: gpt-6-astra CC__F_newcomb_exam__none__action#9 -> one-box
  [2940/3640] 2619s  last: gpt-6-astra CC__F_newcomb_exam__acad_teach__action#2 -> one-box
  [2950/3640] 2625s  last: gpt-6-astra CC__F_newcomb_exam__acad_teach__action#7 -> one-box
  [2960/3640] 2628s  last: gpt-6-astra CC__F_newcomb_exam__pre_acad_ref_2#3 -> one-box
  [2970/3640] 2634s  last: gpt-6-astra CC__F_newcomb_exam__pre_acad_ref_2#14 -> one-box
  [2980/3640] 2637s  last: gpt-6-astra CC__F_newcomb_theory__none__action#1 -> one-box
  [2990/3640] 2641s  last: gpt-6-astra CC__F_newcomb_theory__none__action#5 -> one-box
  [3000/3640] 2646s  last: gpt-6-astra CC__F_newcomb_theory__none__action#18 -> one-box
  [3010/3640] 2652s  last: gpt-6-astra CC__F_newcomb_theory__acad_teach__action#9 -> one-box
  [3020/3640] 2656s  last: gpt-6-astra CC__F_newcomb_theory__acad_teach__action#19 -> one-box
  [3030/3640] 2662s  last: gpt-6-astra CC__F_newcomb_theory__pre_acad_ref_2#6 -> one-box
  [3040/3640] 2666s  last: gpt-6-astra CC__F_newcomb_theory__pre_acad_ref_2#14 -> one-box
  [3050/3640] 2669s  last: gpt-6-astra CC__F_twinpd_rational__none__action#9 -> cooperate
  [3060/3640] 2675s  last: gpt-6-astra CC__F_twinpd_rational__none__action#18 -> cooperate
  [3070/3640] 2679s  last: gpt-6-astra CC__F_twinpd_rational__acad_teach__action#7 -> cooperate
  [3080/3640] 2685s  last: gpt-6-astra CC__F_twinpd_rational__acad_teach__action#16 -> cooperate
  [3090/3640] 2688s  last: gpt-6-astra CC__F_twinpd_rational__pre_acad_ref_2#8 -> cooperate
  [3100/3640] 2692s  last: gpt-6-astra CC__F_twinpd_advise__none__action#1 -> cooperate
  [3110/3640] 2695s  last: gpt-6-astra CC__F_twinpd_advise__none__action#12 -> cooperate
  [3120/3640] 2698s  last: gpt-6-astra CC__F_twinpd_advise__acad_teach__action#1 -> cooperate
  [3130/3640] 2702s  last: gpt-6-astra CC__F_twinpd_advise__acad_teach__action#14 -> cooperate
  [3140/3640] 2705s  last: gpt-6-astra CC__F_twinpd_advise__acad_teach__action#18 -> cooperate
  [3150/3640] 2709s  last: gpt-6-astra CC__F_twinpd_advise__pre_acad_ref_2#6 -> cooperate
  [3160/3640] 2714s  last: gpt-6-astra CC__F_twinpd_advise__pre_acad_ref_2#19 -> cooperate
  [3170/3640] 2718s  last: gpt-6-astra CC__F_twinpd_exam__none__action#13 -> cooperate
  [3180/3640] 2725s  last: gpt-6-astra CC__F_twinpd_exam__acad_teach__action#0 -> cooperate
  [3190/3640] 2729s  last: gpt-6-astra CC__F_twinpd_exam__acad_teach__action#7 -> cooperate
  [3200/3640] 2734s  last: gpt-6-astra CC__F_twinpd_exam__pre_acad_ref_2#1 -> cooperate
  [3210/3640] 2741s  last: gpt-6-astra CC__F_twinpd_exam__pre_acad_ref_2#9 -> cooperate
  [3220/3640] 2744s  last: gpt-6-astra CC__F_twinpd_exam__pre_acad_ref_2#18 -> cooperate
  [3230/3640] 2749s  last: gpt-6-astra CC__F_twinpd_theory__none__action#11 -> cooperate
  [3240/3640] 2753s  last: gpt-6-astra CC__F_twinpd_theory__acad_teach__action#1 -> cooperate
  [3250/3640] 2758s  last: gpt-6-astra CC__F_twinpd_theory__acad_teach__action#12 -> cooperate
  [3260/3640] 2764s  last: gpt-6-astra CC__F_twinpd_theory__pre_acad_ref_2#0 -> cooperate
  [3270/3640] 2769s  last: gpt-6-astra CC__F_twinpd_theory__pre_acad_ref_2#12 -> cooperate
  [3280/3640] 2773s  last: gpt-6-astra CC__F_cfmugging_rational__none__action#1 -> don't-pay
  [3290/3640] 2779s  last: gpt-6-astra CC__F_cfmugging_rational__none__action#10 -> don't-pay
  [3300/3640] 2783s  last: gpt-6-astra CC__F_cfmugging_rational__acad_teach__action#0 -> don't-pay
  [3310/3640] 2788s  last: gpt-6-astra CC__F_cfmugging_rational__acad_teach__action#11 -> don't-pay
  [3320/3640] 2793s  last: gpt-6-astra CC__F_cfmugging_rational__acad_teach__action#15 -> don't-pay
  [3330/3640] 2798s  last: gpt-6-astra CC__F_cfmugging_rational__pre_acad_ref_2#7 -> don't-pay
  [3340/3640] 2803s  last: gpt-6-astra CC__F_cfmugging_rational__pre_acad_ref_2#19 -> don't-pay
  [3350/3640] 2808s  last: gpt-6-astra CC__F_cfmugging_advise__none__action#7 -> don't-pay
  [3360/3640] 2815s  last: gpt-6-astra CC__F_cfmugging_advise__acad_teach__action#6 -> don't-pay
  [3370/3640] 2821s  last: gpt-6-astra CC__F_cfmugging_advise__acad_teach__action#9 -> pay
  [3380/3640] 2825s  last: gpt-6-astra CC__F_cfmugging_advise__pre_acad_ref_2#1 -> don't-pay
  [3390/3640] 2831s  last: gpt-6-astra CC__F_cfmugging_advise__pre_acad_ref_2#6 -> pay
  [3400/3640] 2835s  last: gpt-6-astra CC__F_cfmugging_exam__none__action#0 -> don't-pay
  [3410/3640] 2839s  last: gpt-6-astra CC__F_cfmugging_exam__none__action#11 -> don't-pay
  [3420/3640] 2846s  last: gpt-6-astra CC__F_cfmugging_exam__acad_teach__action#0 -> don't-pay
  [3430/3640] 2850s  last: gpt-6-astra CC__F_cfmugging_exam__acad_teach__action#6 -> don't-pay
  [3440/3640] 2854s  last: gpt-6-astra CC__F_cfmugging_exam__acad_teach__action#17 -> don't-pay
  [3450/3640] 2860s  last: gpt-6-astra CC__F_cfmugging_exam__pre_acad_ref_2#11 -> don't-pay
  [3460/3640] 2864s  last: gpt-6-astra CC__F_cfmugging_theory__none__action#0 -> pay
  [3470/3640] 2869s  last: gpt-6-astra CC__F_cfmugging_theory__none__action#9 -> pay
  [3480/3640] 2875s  last: gpt-6-astra CC__F_cfmugging_theory__none__action#19 -> pay
  [3490/3640] 2879s  last: gpt-6-astra CC__F_cfmugging_theory__acad_teach__action#11 -> don't-pay
  [3500/3640] 2887s  last: gpt-6-astra CC__F_cfmugging_theory__pre_acad_ref_2#4 -> pay
  [3510/3640] 2892s  last: gpt-6-astra CC__F_cfmugging_theory__pre_acad_ref_2#11 -> pay
  [3520/3640] 2898s  last: gpt-6-astra CC__F_cfmugging_theory__pre_acad_ref_2#18 -> pay
  [3530/3640] 2907s  last: gpt-6-astra DD__P_newcomb__push_prof#4 -> one-box
  [3540/3640] 2913s  last: gpt-6-astra DD__P_newcomb__push_prof#16 -> one-box
  [3550/3640] 2917s  last: gpt-6-astra DD__P_newcomb__push_neutral#10 -> one-box
  [3560/3640] 2921s  last: gpt-6-astra DD__P_newcomb__push_neutral#5 -> one-box
  [3570/3640] 2932s  last: gpt-6-astra DD__P_twinpd__push_prof#13 -> cooperate
  [3580/3640] 2935s  last: gpt-6-astra DD__P_twinpd__push_neutral#0 -> cooperate
  [3590/3640] 2940s  last: gpt-6-astra DD__P_twinpd__push_neutral#11 -> cooperate
  [3600/3640] 2945s  last: gpt-6-astra DD__P_twinpd__push_neutral#19 -> cooperate
  [3610/3640] 2956s  last: gpt-6-astra DD__P_cfmugging__push_prof#9 -> pay
  [3620/3640] 2964s  last: gpt-6-astra DD__P_cfmugging__push_neutral#6 -> pay
  [3630/3640] 2969s  last: gpt-6-astra DD__P_cfmugging__push_prof#17 -> pay
  [3640/3640] 2973s  last: gpt-6-astra DD__P_cfmugging__push_neutral#16 -> pay
done: 3640 ok, 0 errors, 2973s
