9 prompts x 1 models x n=20 -> 180 calls to make (0 already done)
  [10/180] 16s  last: gpt-6-astra BB3__battery__none#2 -> unparsed
  [20/180] 29s  last: gpt-6-astra BB3__battery__none#15 -> unparsed
  [30/180] 45s  last: gpt-6-astra BB3__battery__acad_teach#10 -> unparsed
  [40/180] 63s  last: gpt-6-astra BB3__battery__acad_teach#18 -> unparsed
  [50/180] 80s  last: gpt-6-astra BB3__battery__pre_acad_ref_2#8 -> unparsed
  [60/180] 102s  last: gpt-6-astra BB3__battery__pre_acad_ref_2#18 -> unparsed
  [70/180] 148s  last: gpt-6-astra BB3__battery__conv_acad_task#4 -> unparsed
  [80/180] 162s  last: gpt-6-astra AA__Q_acausal_self__none__answer#7 -> no
  [90/180] 176s  last: gpt-6-astra AA__Q_acausal_self__none__answer#18 -> no
  [100/180] 186s  last: gpt-6-astra BB3__battery__conv_acad_task#13 -> unparsed
  [110/180] 193s  last: gpt-6-astra AA__Q_acausal_self__acad_teach__answer#13 -> no
  [120/180] 198s  last: gpt-6-astra AA__Q_acausal_self__acad_teach__answer#17 -> no
  [130/180] 204s  last: gpt-6-astra AA__Q_acausal_self__lw_reader__answer#11 -> no
  [140/180] 208s  last: gpt-6-astra AA__Q_acausal_self__lw_reader__answer#18 -> no
  [150/180] 216s  last: gpt-6-astra AA__Q_acausal_self__pre_acad_ref_2#13 -> no
  [160/180] 227s  last: gpt-6-astra AA__Q_acausal_self__pre_acad_ref_2#7 -> no
  [170/180] 262s  last: gpt-6-astra AA__Q_acausal_self__conv_acad_task#11 -> no
  [180/180] 301s  last: gpt-6-astra AA__Q_acausal_self__conv_acad_task#18 -> no
done: 180 ok, 0 errors, 301s
