19 prompts x 1 models x n=20 -> 380 calls to make (0 already done)
  [10/380] 11s  last: gpt-6-astra U6__Q_neutral__acad_style_task#12 -> CDT
  [20/380] 22s  last: gpt-6-astra U6__Q_neutral__acad_style_task#18 -> CDT
  [30/380] 41s  last: gpt-6-astra U6__Q_neutral__lw_style_task#11 -> CDT
  [40/380] 49s  last: gpt-6-astra U6__Q_neutral__lw_style_task#15 -> CDT
  [50/380] 55s  last: gpt-6-astra U6__Q_neutral__casual_style_task#13 -> CDT
  [60/380] 59s  last: gpt-6-astra H3__H3_cryonics__none__answer#3 -> yes
  [70/380] 64s  last: gpt-6-astra U6__Q_neutral__lw_style_task#18 -> CDT
  [80/380] 69s  last: gpt-6-astra H3__H3_cryonics__none__answer#19 -> yes
  [90/380] 72s  last: gpt-6-astra H3__H3_cryonics__acad_phil__answer#12 -> yes
  [100/380] 75s  last: gpt-6-astra H3__H3_cryonics__lw_reader__answer#3 -> yes
  [110/380] 79s  last: gpt-6-astra H3__H3_cryonics__lw_reader__answer#5 -> yes
  [120/380] 82s  last: gpt-6-astra H3__H3_cryonics__lw_reader__answer#19 -> yes
  [130/380] 87s  last: gpt-6-astra H3__H3_cryonics__ctrl_nurse__answer#8 -> no
  [140/380] 90s  last: gpt-6-astra H3__H3_cryonics__ctrl_nurse__answer#16 -> no
  [150/380] 93s  last: gpt-6-astra H3__H3_upload__none__answer#12 -> yes
  [160/380] 95s  last: gpt-6-astra H3__H3_upload__none__answer#19 -> yes
  [170/380] 97s  last: gpt-6-astra H3__H3_upload__acad_phil__answer#8 -> yes
  [180/380] 100s  last: gpt-6-astra H3__H3_upload__acad_phil__answer#16 -> yes
  [190/380] 103s  last: gpt-6-astra H3__H3_upload__lw_reader__answer#8 -> yes
  [200/380] 105s  last: gpt-6-astra H3__H3_upload__ctrl_nurse__answer#0 -> yes
  [210/380] 108s  last: gpt-6-astra H3__H3_upload__ctrl_nurse__answer#8 -> yes
  [220/380] 110s  last: gpt-6-astra H3__H3_insects__none__answer#1 -> yes
  [230/380] 113s  last: gpt-6-astra H3__H3_insects__none__answer#12 -> yes
  [240/380] 115s  last: gpt-6-astra H3__H3_insects__none__answer#19 -> yes
  [250/380] 118s  last: gpt-6-astra H3__H3_insects__acad_phil__answer#0 -> yes
  [260/380] 122s  last: gpt-6-astra H3__H3_insects__lw_reader__answer#2 -> yes
  [270/380] 125s  last: gpt-6-astra H3__H3_insects__lw_reader__answer#8 -> yes
  [280/380] 128s  last: gpt-6-astra H3__H3_insects__lw_reader__answer#18 -> yes
  [290/380] 131s  last: gpt-6-astra H3__H3_insects__ctrl_nurse__answer#11 -> yes
  [300/380] 134s  last: gpt-6-astra H3__H3_insects__ctrl_nurse__answer#18 -> yes
  [310/380] 137s  last: gpt-6-astra H3__H3_tai__none__answer#8 -> yes
  [320/380] 140s  last: gpt-6-astra H3__H3_tai__none__answer#19 -> yes
  [330/380] 143s  last: gpt-6-astra H3__H3_tai__acad_phil__answer#4 -> yes
  [340/380] 147s  last: gpt-6-astra H3__H3_tai__lw_reader__answer#3 -> yes
  [350/380] 150s  last: gpt-6-astra H3__H3_tai__lw_reader__answer#9 -> yes
  [360/380] 153s  last: gpt-6-astra H3__H3_tai__ctrl_nurse__answer#1 -> yes
  [370/380] 157s  last: gpt-6-astra H3__H3_tai__ctrl_nurse__answer#11 -> yes
  [380/380] 161s  last: gpt-6-astra H3__H3_tai__ctrl_nurse__answer#19 -> yes
done: 380 ok, 0 errors, 161s
