21 prompts x 1 models x n=20 -> 420 calls to make (0 already done)
  [10/420] 5s  last: gpt-6-astra TT__Q_neutral__int_kripke#1 -> FDT
  [20/420] 8s  last: gpt-6-astra TT__Q_neutral__int_kripke#18 -> CDT
  [30/420] 14s  last: gpt-6-astra TT__Q_neutral__int_gettier#5 -> CDT
  [40/420] 19s  last: gpt-6-astra TT__Q_neutral__int_gettier#19 -> FDT
  [50/420] 27s  last: gpt-6-astra TT__Q_neutral__int_parfit#10 -> FDT
  [60/420] 32s  last: gpt-6-astra TT__Q_neutral__int_parfit#15 -> CDT
  [70/420] 36s  last: gpt-6-astra TT__Q_neutral__int_lewis#13 -> CDT
  [80/420] 40s  last: gpt-6-astra TT__Q_neutral__int_solomonoff#5 -> FDT
  [90/420] 44s  last: gpt-6-astra TT__Q_neutral__int_solomonoff#7 -> FDT
  [100/420] 49s  last: gpt-6-astra TT__Q_neutral__int_solomonoff#18 -> FDT
  [110/420] 55s  last: gpt-6-astra TT__Q_neutral__int_timelines#7 -> CDT
  [120/420] 59s  last: gpt-6-astra TT__Q_neutral__int_timelines#16 -> FDT
  [130/420] 64s  last: gpt-6-astra TT__Q_neutral__int_forecasting#9 -> CDT
  [140/420] 69s  last: gpt-6-astra TT__Q_neutral__int_birds#0 -> CDT
  [150/420] 73s  last: gpt-6-astra TT__Q_neutral__int_birds#6 -> CDT
  [160/420] 79s  last: gpt-6-astra TT__Q_neutral__int_birds#17 -> CDT
  [170/420] 83s  last: gpt-6-astra TT__Q_neutral__int_sourdough#7 -> FDT
  [180/420] 89s  last: gpt-6-astra TT__Q_neutral__int_sourdough#17 -> FDT
  [190/420] 115s  last: gpt-6-astra TT__Q_neutral__intq_kripke#8 -> CDT
  [200/420] 142s  last: gpt-6-astra TT__Q_neutral__intq_gettier#1 -> CDT
  [210/420] 168s  last: gpt-6-astra TT__Q_neutral__intq_gettier#10 -> CDT
  [220/420] 190s  last: gpt-6-astra TT__Q_neutral__intq_gettier#18 -> CDT
  [230/420] 207s  last: gpt-6-astra TT__Q_neutral__intq_parfit#10 -> CDT
  [240/420] 217s  last: gpt-6-astra TT__Q_neutral__intq_parfit#19 -> CDT
  [250/420] 246s  last: gpt-6-astra TT__Q_neutral__intq_aumann#10 -> FDT
  [260/420] 272s  last: gpt-6-astra TT__Q_neutral__intq_timelines#1 -> FDT
  [270/420] 297s  last: gpt-6-astra TT__Q_neutral__intq_timelines#9 -> CDT
  [280/420] 309s  last: gpt-6-astra TT__Q_neutral__intq_sourdough#2 -> FDT
  [290/420] 321s  last: gpt-6-astra TT__Q_neutral__intq_sourdough#10 -> FDT
  [300/420] 331s  last: gpt-6-astra TT__Q_neutral__intq_sourdough#18 -> CDT
  [310/420] 342s  last: gpt-6-astra BBC__P_newcomb__acad_teach#10 -> unparsed
  [320/420] 352s  last: gpt-6-astra BBC__P_newcomb__acad_teach#19 -> unparsed
  [330/420] 365s  last: gpt-6-astra BBC__P_newcomb__pre_acad_ref_2#9 -> unparsed
  [340/420] 381s  last: gpt-6-astra BBC__P_newcomb__pre_acad_ref_2#19 -> unparsed
  [350/420] 417s  last: gpt-6-astra BBC__P_newcomb__conv_acad_task#10 -> unparsed
  [360/420] 453s  last: gpt-6-astra BBC__P_newcomb__conv_acad_task#13 -> unparsed
  [370/420] 460s  last: gpt-6-astra BBC__P_newcomb__conv_acad_task#17 -> unparsed
  [380/420] 478s  last: gpt-6-astra BBC__P_twinpd__pre_acad_ref_2#1 -> unparsed
  [390/420] 493s  last: gpt-6-astra BBC__P_twinpd__pre_acad_ref_2#8 -> unparsed
  [400/420] 512s  last: gpt-6-astra BBC__P_twinpd__pre_acad_ref_2#19 -> unparsed
  [410/420] 551s  last: gpt-6-astra BBC__P_twinpd__conv_acad_task#8 -> unparsed
  [420/420] 591s  last: gpt-6-astra BBC__P_twinpd__conv_acad_task#17 -> unparsed
done: 420 ok, 0 errors, 591s
