69 prompts x 1 models x n=20 -> 1380 calls to make (840 already done)
  [10/1380] 5s  last: gpt-6-astra G__P_newcomb__none__action#0 -> one-box
  [20/1380] 9s  last: gpt-6-astra G__P_newcomb__acad_prof__action#4 -> one-box
  [30/1380] 12s  last: gpt-6-astra G__P_newcomb__acad_prof__action#11 -> one-box
  [40/1380] 17s  last: gpt-6-astra G__P_newcomb__acad_teach__action#2 -> one-box
  [50/1380] 20s  last: gpt-6-astra G__P_newcomb__acad_teach__action#8 -> one-box
  [60/1380] 24s  last: gpt-6-astra G__P_newcomb__acad_teach__action#16 -> one-box
  [70/1380] 27s  last: gpt-6-astra G__P_newcomb__lw_reader__action#13 -> one-box
  [80/1380] 29s  last: gpt-6-astra G__P_newcomb__lw_reader__action#18 -> one-box
  [90/1380] 32s  last: gpt-6-astra G__P_newcomb__ai_safety__action#10 -> one-box
  [100/1380] 34s  last: gpt-6-astra G__P_newcomb__ai_safety__action#19 -> one-box
  [110/1380] 37s  last: gpt-6-astra G__P_newcomb__ctrl_swe__action#11 -> one-box
  [120/1380] 39s  last: gpt-6-astra G__P_hitchhiker__none__action#1 -> pay
  [130/1380] 41s  last: gpt-6-astra G__P_hitchhiker__none__action#8 -> pay
  [140/1380] 43s  last: gpt-6-astra G__P_hitchhiker__none__action#19 -> pay
  [150/1380] 48s  last: gpt-6-astra G__P_hitchhiker__acad_prof__action#1 -> pay
  [160/1380] 52s  last: gpt-6-astra G__P_hitchhiker__acad_teach__action#0 -> pay
  [170/1380] 54s  last: gpt-6-astra G__P_hitchhiker__acad_teach__action#6 -> pay
  [180/1380] 58s  last: gpt-6-astra G__P_hitchhiker__acad_teach__action#14 -> pay
  [190/1380] 61s  last: gpt-6-astra G__P_hitchhiker__lw_reader__action#6 -> pay
  [200/1380] 64s  last: gpt-6-astra G__P_hitchhiker__ai_safety__action#4 -> pay
  [210/1380] 66s  last: gpt-6-astra G__P_hitchhiker__ai_safety__action#12 -> pay
  [220/1380] 68s  last: gpt-6-astra G__P_hitchhiker__ai_safety__action#16 -> pay
  [230/1380] 70s  last: gpt-6-astra G__P_hitchhiker__ctrl_swe__action#10 -> pay
  [240/1380] 72s  last: gpt-6-astra G__P_twinpd__none__action#1 -> cooperate
  [250/1380] 75s  last: gpt-6-astra G__P_twinpd__none__action#9 -> cooperate
  [260/1380] 77s  last: gpt-6-astra G__P_twinpd__none__action#19 -> cooperate
  [270/1380] 80s  last: gpt-6-astra G__P_twinpd__acad_prof__action#9 -> cooperate
  [280/1380] 82s  last: gpt-6-astra G__P_twinpd__acad_prof__action#17 -> cooperate
  [290/1380] 85s  last: gpt-6-astra G__P_twinpd__acad_teach__action#11 -> cooperate
  [300/1380] 88s  last: gpt-6-astra G__P_twinpd__acad_teach__action#19 -> cooperate
  [310/1380] 90s  last: gpt-6-astra G__P_twinpd__lw_reader__action#8 -> cooperate
  [320/1380] 92s  last: gpt-6-astra G__P_twinpd__ai_safety__action#0 -> cooperate
  [330/1380] 95s  last: gpt-6-astra G__P_twinpd__ai_safety__action#10 -> cooperate
  [340/1380] 97s  last: gpt-6-astra G__P_twinpd__ai_safety__action#16 -> cooperate
  [350/1380] 99s  last: gpt-6-astra G__P_twinpd__ctrl_swe__action#9 -> cooperate
  [360/1380] 102s  last: gpt-6-astra G__P_twinpd__ctrl_swe__action#18 -> cooperate
  [370/1380] 106s  last: gpt-6-astra G__P_cfmugging__none__action#14 -> pay
  [380/1380] 110s  last: gpt-6-astra G__P_cfmugging__acad_prof__action#0 -> pay
  [390/1380] 114s  last: gpt-6-astra G__P_cfmugging__acad_prof__action#10 -> pay
  [400/1380] 120s  last: gpt-6-astra G__P_cfmugging__acad_prof__action#16 -> pay
  [410/1380] 124s  last: gpt-6-astra G__P_cfmugging__acad_teach__action#10 -> don't-pay
  [420/1380] 127s  last: gpt-6-astra G__P_cfmugging__acad_teach__action#15 -> don't-pay
  [430/1380] 130s  last: gpt-6-astra G__P_cfmugging__lw_reader__action#10 -> pay
  [440/1380] 134s  last: gpt-6-astra G__P_cfmugging__lw_reader__action#19 -> pay
  [450/1380] 136s  last: gpt-6-astra G__P_cfmugging__ai_safety__action#10 -> pay
  [460/1380] 140s  last: gpt-6-astra G__P_cfmugging__ai_safety__action#19 -> pay
  [470/1380] 145s  last: gpt-6-astra G__P_smoking__none__action#0 -> smoke
  [480/1380] 147s  last: gpt-6-astra G__P_cfmugging__ctrl_swe__action#15 -> pay
  [490/1380] 149s  last: gpt-6-astra G__P_smoking__none__action#8 -> smoke
  [500/1380] 151s  last: gpt-6-astra G__P_smoking__none__action#19 -> smoke
  [510/1380] 153s  last: gpt-6-astra G__P_smoking__acad_prof__action#9 -> smoke
  [520/1380] 155s  last: gpt-6-astra G__P_smoking__acad_prof__action#19 -> smoke
  [530/1380] 157s  last: gpt-6-astra G__P_smoking__acad_teach__action#9 -> smoke
  [540/1380] 160s  last: gpt-6-astra G__P_smoking__acad_teach__action#18 -> smoke
  [550/1380] 162s  last: gpt-6-astra G__P_smoking__lw_reader__action#11 -> smoke
  [560/1380] 164s  last: gpt-6-astra G__P_smoking__lw_reader__action#14 -> smoke
  [570/1380] 166s  last: gpt-6-astra G__P_smoking__ai_safety__action#12 -> smoke
  [580/1380] 168s  last: gpt-6-astra G__P_smoking__ai_safety__action#19 -> smoke
  [590/1380] 170s  last: gpt-6-astra G__P_smoking__ctrl_swe__action#8 -> smoke
  [600/1380] 172s  last: gpt-6-astra G__P_smoking__ctrl_swe__action#19 -> smoke
  [610/1380] 177s  last: gpt-6-astra H__H_realism__none__answer#6 -> realism
  [620/1380] 182s  last: gpt-6-astra H__H_realism__none__answer#17 -> realism
  [630/1380] 186s  last: gpt-6-astra H__H_realism__acad_phil__answer#10 -> realism
  [640/1380] 189s  last: gpt-6-astra H__H_realism__acad_phil__answer#14 -> realism
  [650/1380] 198s  last: gpt-6-astra H__H_realism__lw_reader__answer#9 -> anti-realism
  [660/1380] 202s  last: gpt-6-astra H__H_realism__ai_safety__answer#2 -> realism
  [670/1380] 206s  last: gpt-6-astra H__H_realism__ai_safety__answer#7 -> anti-realism
  [680/1380] 209s  last: gpt-6-astra H__H_realism__ai_safety__answer#17 -> realism
  [690/1380] 214s  last: gpt-6-astra H__H_realism__ctrl_swe__answer#8 -> realism
  [700/1380] 218s  last: gpt-6-astra H__H_mwi__none__answer#2 -> many-worlds
  [710/1380] 221s  last: gpt-6-astra H__H_realism__ctrl_swe__answer#19 -> realism
  [720/1380] 226s  last: gpt-6-astra H__H_mwi__acad_phil__answer#0 -> many-worlds
  [730/1380] 229s  last: gpt-6-astra H__H_mwi__acad_phil__answer#9 -> many-worlds
  [740/1380] 234s  last: gpt-6-astra H__H_mwi__lw_reader__answer#3 -> many-worlds
  [750/1380] 237s  last: gpt-6-astra H__H_mwi__lw_reader__answer#10 -> many-worlds
  [760/1380] 241s  last: gpt-6-astra H__H_mwi__lw_reader__answer#15 -> many-worlds
  [770/1380] 244s  last: gpt-6-astra H__H_mwi__ai_safety__answer#8 -> many-worlds
  [780/1380] 248s  last: gpt-6-astra H__H_mwi__ctrl_swe__answer#3 -> many-worlds
  [790/1380] 251s  last: gpt-6-astra H__H_mwi__ctrl_swe__answer#5 -> many-worlds
  [800/1380] 255s  last: gpt-6-astra H__H_mwi__ctrl_swe__answer#19 -> many-worlds
  [810/1380] 259s  last: gpt-6-astra H__H_repugnant__none__answer#11 -> reject
  [820/1380] 263s  last: gpt-6-astra H__H_repugnant__none__answer#15 -> reject
  [830/1380] 268s  last: gpt-6-astra H__H_repugnant__acad_phil__answer#11 -> reject
  [840/1380] 273s  last: gpt-6-astra H__H_repugnant__lw_reader__answer#1 -> reject
  [850/1380] 279s  last: gpt-6-astra H__H_repugnant__lw_reader__answer#9 -> reject
  [860/1380] 282s  last: gpt-6-astra H__H_repugnant__ai_safety__answer#2 -> reject
  [870/1380] 288s  last: gpt-6-astra H__H_repugnant__ai_safety__answer#12 -> reject
  [880/1380] 292s  last: gpt-6-astra H__H_repugnant__ai_safety__answer#16 -> reject
  [890/1380] 296s  last: gpt-6-astra H__H_repugnant__ctrl_swe__answer#10 -> reject
  [900/1380] 298s  last: gpt-6-astra H__H_repugnant__ctrl_swe__answer#17 -> reject
  [910/1380] 302s  last: gpt-6-astra H__H_hardproblem__none__answer#11 -> genuine
  [920/1380] 305s  last: gpt-6-astra H__H_hardproblem__none__answer#16 -> genuine
  [930/1380] 308s  last: gpt-6-astra H__H_hardproblem__acad_phil__answer#3 -> genuine
  [940/1380] 312s  last: gpt-6-astra H__H_hardproblem__acad_phil__answer#19 -> genuine
  [950/1380] 317s  last: gpt-6-astra H__H_hardproblem__lw_reader__answer#9 -> genuine
  [960/1380] 321s  last: gpt-6-astra H__H_hardproblem__lw_reader__answer#17 -> genuine
  [970/1380] 324s  last: gpt-6-astra H__H_hardproblem__ai_safety__answer#5 -> genuine
  [980/1380] 327s  last: gpt-6-astra H__H_hardproblem__ai_safety__answer#15 -> genuine
  [990/1380] 332s  last: gpt-6-astra H__H_hardproblem__ctrl_swe__answer#10 -> genuine
  [1000/1380] 336s  last: gpt-6-astra I__Q_lwframe_acadNP__none#3 -> EU_generic
  [1010/1380] 340s  last: gpt-6-astra I__Q_lwframe_acadNP__none#9 -> EU_generic
  [1020/1380] 344s  last: gpt-6-astra I__Q_lwframe_acadNP__none#17 -> EU_generic
  [1030/1380] 349s  last: gpt-6-astra I__Q_acadframe_lwNP__none#10 -> FDT
  [1040/1380] 353s  last: gpt-6-astra I__Q_acadframe_lwNP__none#18 -> CDT
  [1050/1380] 356s  last: gpt-6-astra I__Q_lwframe_ToRC__none#8 -> EU_generic
  [1060/1380] 362s  last: gpt-6-astra I__Q_lwframe_normDT__none#2 -> FDT
  [1070/1380] 367s  last: gpt-6-astra I__Q_lwframe_normDT__none#9 -> CDT
  [1080/1380] 371s  last: gpt-6-astra I__Q_lwframe_normDT__none#18 -> FDT
  [1090/1380] 375s  last: gpt-6-astra I__Q_endorse_select__none#9 -> CDT
  [1100/1380] 378s  last: gpt-6-astra I__Q_endorse_select__none#19 -> EU_generic
  [1110/1380] 382s  last: gpt-6-astra I__Q_correct_pickone__none#10 -> CDT
  [1120/1380] 386s  last: gpt-6-astra I__Q_newcomb_lw__none#3 -> FDT
  [1130/1380] 388s  last: gpt-6-astra I__Q_newcomb_lw__none#9 -> FDT
  [1140/1380] 392s  last: gpt-6-astra I__Q_newcomb_lw__none#16 -> FDT
  [1150/1380] 401s  last: gpt-6-astra J__Q_acad__none#13 -> EU_generic
  [1160/1380] 410s  last: gpt-6-astra J__Q_lw__none#3 -> FDT
  [1170/1380] 417s  last: gpt-6-astra J__Q_lw__none#10 -> FDT
  [1180/1380] 423s  last: gpt-6-astra J__Q_neutral__none#3 -> FDT
  [1190/1380] 430s  last: gpt-6-astra J__Q_neutral__none#13 -> FDT
  [1200/1380] 436s  last: gpt-6-astra J__Q_neutral__none#18 -> FDT
  [1210/1380] 440s  last: gpt-6-astra J__Q_acad2__none#8 -> FDT
  [1220/1380] 446s  last: gpt-6-astra J__Q_acad2__none#18 -> FDT
  [1230/1380] 453s  last: gpt-6-astra J__Q_lw2__none#10 -> CDT
  [1240/1380] 457s  last: gpt-6-astra K__Q_neutral__prof_antiCDT#8 -> FDT
  [1250/1380] 461s  last: gpt-6-astra K__Q_neutral__prof_antiCDT#17 -> FDT
  [1260/1380] 465s  last: gpt-6-astra K__Q_neutral__lw_antiFDT#2 -> CDT
  [1270/1380] 470s  last: gpt-6-astra K__Q_neutral__lw_antiFDT#7 -> FDT
  [1280/1380] 475s  last: gpt-6-astra K__Q_neutral__lw_antiFDT#14 -> FDT
  [1290/1380] 477s  last: gpt-6-astra K__Q_neutral__prof_proCDT#8 -> FDT
  [1300/1380] 483s  last: gpt-6-astra K__Q_neutral__lw_proFDT#3 -> FDT
  [1310/1380] 488s  last: gpt-6-astra K__Q_neutral__lw_proFDT#10 -> CDT
  [1320/1380] 491s  last: gpt-6-astra P__Q_neutral__none__push_acad#1 -> CDT
  [1330/1380] 494s  last: gpt-6-astra P__Q_neutral__none__push_acad#10 -> FDT
  [1340/1380] 497s  last: gpt-6-astra P__Q_neutral__none__push_lw#0 -> FDT
  [1350/1380] 501s  last: gpt-6-astra P__Q_neutral__none__push_lw#8 -> FDT
  [1360/1380] 503s  last: gpt-6-astra P__Q_neutral__none__push_lw#19 -> FDT
  [1370/1380] 506s  last: gpt-6-astra P__Q_neutral__none__push_neutral#12 -> FDT
  [1380/1380] 510s  last: gpt-6-astra P__Q_neutral__none__push_neutral#18 -> FDT
done: 1380 ok, 0 errors, 510s
