top-up to 100: 17 prompts x 1 models -> 1540 calls to make
  [10/1540] 11s  last: gpt-6-astra A__Q_neutral__none#1006 -> unparsed
  [20/1540] 20s  last: gpt-6-astra A__Q_neutral__none#1023 -> unparsed
  [30/1540] 28s  last: gpt-6-astra A__Q_neutral__none#1030 -> unparsed
  [40/1540] 32s  last: gpt-6-astra A__Q_neutral__none#1039 -> unparsed
  [50/1540] 42s  last: gpt-6-astra A__Q_neutral__none#1049 -> unparsed
  [60/1540] 48s  last: gpt-6-astra A__Q_neutral__none#1062 -> unparsed
  [70/1540] 57s  last: gpt-6-astra A__Q_neutral__none#1069 -> unparsed
  [80/1540] 62s  last: gpt-6-astra A__Q_neutral__none#1077 -> unparsed
  [90/1540] 69s  last: gpt-6-astra A__Q_neutral__none#1085 -> unparsed
  [100/1540] 80s  last: gpt-6-astra A__Q_neutral__none#1099 -> unparsed
  [110/1540] 88s  last: gpt-6-astra B__Q_neutral__acad_prof#1010 -> unparsed
  [120/1540] 95s  last: gpt-6-astra B__Q_neutral__acad_prof#1020 -> unparsed
  [130/1540] 107s  last: gpt-6-astra B__Q_neutral__acad_prof#1027 -> unparsed
  [140/1540] 116s  last: gpt-6-astra B__Q_neutral__acad_prof#1040 -> unparsed
  [150/1540] 126s  last: gpt-6-astra B__Q_neutral__acad_prof#1053 -> unparsed
  [160/1540] 134s  last: gpt-6-astra B__Q_neutral__acad_prof#1060 -> unparsed
  [170/1540] 147s  last: gpt-6-astra B__Q_neutral__acad_prof#1066 -> unparsed
  [180/1540] 155s  last: gpt-6-astra B__Q_neutral__acad_prof#1077 -> unparsed
  [190/1540] 164s  last: gpt-6-astra B__Q_neutral__acad_prof#1089 -> unparsed
  [200/1540] 174s  last: gpt-6-astra B__Q_neutral__acad_prof#1097 -> unparsed
  [210/1540] 179s  last: gpt-6-astra B__Q_neutral__acad_teach#1010 -> unparsed
  [220/1540] 187s  last: gpt-6-astra B__Q_neutral__acad_teach#1012 -> unparsed
  [230/1540] 194s  last: gpt-6-astra B__Q_neutral__acad_teach#1030 -> unparsed
  [240/1540] 201s  last: gpt-6-astra B__Q_neutral__acad_teach#1039 -> unparsed
  [250/1540] 207s  last: gpt-6-astra B__Q_neutral__acad_teach#1047 -> unparsed
  [260/1540] 214s  last: gpt-6-astra B__Q_neutral__acad_teach#1056 -> unparsed
  [270/1540] 221s  last: gpt-6-astra B__Q_neutral__acad_teach#1068 -> unparsed
  [280/1540] 229s  last: gpt-6-astra B__Q_neutral__acad_teach#1079 -> unparsed
  [290/1540] 240s  last: gpt-6-astra B__Q_neutral__acad_grad#1011 -> unparsed
  [300/1540] 249s  last: gpt-6-astra B__Q_neutral__acad_grad#1017 -> unparsed
  [310/1540] 260s  last: gpt-6-astra B__Q_neutral__acad_grad#1030 -> unparsed
  [320/1540] 269s  last: gpt-6-astra B__Q_neutral__acad_grad#1042 -> unparsed
  [330/1540] 280s  last: gpt-6-astra B__Q_neutral__acad_grad#1052 -> unparsed
  [340/1540] 286s  last: gpt-6-astra B__Q_neutral__acad_grad#1058 -> unparsed
  [350/1540] 298s  last: gpt-6-astra B__Q_neutral__acad_grad#1068 -> unparsed
  [360/1540] 309s  last: gpt-6-astra B__Q_neutral__acad_grad#1078 -> unparsed
  [370/1540] 317s  last: gpt-6-astra B__Q_neutral__acad_grad#1088 -> unparsed
  [380/1540] 328s  last: gpt-6-astra B__Q_neutral__lw_reader#1001 -> unparsed
  [390/1540] 336s  last: gpt-6-astra B__Q_neutral__lw_reader#1011 -> unparsed
  [400/1540] 345s  last: gpt-6-astra B__Q_neutral__lw_reader#1020 -> unparsed
  [410/1540] 353s  last: gpt-6-astra B__Q_neutral__lw_reader#1027 -> unparsed
  [420/1540] 362s  last: gpt-6-astra B__Q_neutral__lw_reader#1042 -> unparsed
  [430/1540] 369s  last: gpt-6-astra B__Q_neutral__lw_reader#1049 -> unparsed
  [440/1540] 376s  last: gpt-6-astra B__Q_neutral__lw_reader#1059 -> unparsed
  [450/1540] 383s  last: gpt-6-astra B__Q_neutral__lw_reader#1064 -> unparsed
  [460/1540] 391s  last: gpt-6-astra B__Q_neutral__ai_safety#1003 -> unparsed
  [470/1540] 397s  last: gpt-6-astra B__Q_neutral__ai_safety#1009 -> unparsed
  [480/1540] 402s  last: gpt-6-astra B__Q_neutral__ai_safety#1016 -> unparsed
  [490/1540] 410s  last: gpt-6-astra B__Q_neutral__ai_safety#1026 -> unparsed
  [500/1540] 417s  last: gpt-6-astra B__Q_neutral__ai_safety#1040 -> unparsed
  [510/1540] 423s  last: gpt-6-astra B__Q_neutral__ai_safety#1051 -> unparsed
  [520/1540] 431s  last: gpt-6-astra B__Q_neutral__ai_safety#1061 -> unparsed
  [530/1540] 439s  last: gpt-6-astra B__Q_neutral__ai_safety#1069 -> unparsed
  [540/1540] 447s  last: gpt-6-astra B__Q_neutral__ctrl_swe#1004 -> unparsed
  [550/1540] 453s  last: gpt-6-astra B__Q_neutral__ctrl_swe#1009 -> unparsed
  [560/1540] 460s  last: gpt-6-astra B__Q_neutral__ctrl_swe#1014 -> unparsed
  [570/1540] 468s  last: gpt-6-astra B__Q_neutral__ctrl_swe#1029 -> unparsed
  [580/1540] 478s  last: gpt-6-astra B__Q_neutral__ctrl_swe#1039 -> unparsed
  [590/1540] 483s  last: gpt-6-astra B__Q_neutral__ctrl_swe#1047 -> unparsed
  [600/1540] 491s  last: gpt-6-astra B__Q_neutral__ctrl_swe#1062 -> unparsed
  [610/1540] 499s  last: gpt-6-astra B__Q_neutral__ctrl_swe#1069 -> unparsed
  [620/1540] 505s  last: gpt-6-astra B__Q_neutral__ctrl_swe#1077 -> unparsed
  [630/1540] 513s  last: gpt-6-astra B__Q_neutral__ctrl_swe#1091 -> unparsed
  [640/1540] 520s  last: gpt-6-astra B__Q_neutral__ctrl_student#1002 -> unparsed
  [650/1540] 527s  last: gpt-6-astra B__Q_neutral__ctrl_student#1010 -> unparsed
  [660/1540] 531s  last: gpt-6-astra B__Q_neutral__ctrl_student#1018 -> unparsed
  [670/1540] 539s  last: gpt-6-astra B__Q_neutral__ctrl_student#1029 -> unparsed
  [680/1540] 547s  last: gpt-6-astra B__Q_neutral__ctrl_student#1043 -> unparsed
  [690/1540] 554s  last: gpt-6-astra B__Q_neutral__ctrl_student#1052 -> unparsed
  [700/1540] 561s  last: gpt-6-astra B__Q_neutral__ctrl_student#1061 -> unparsed
  [710/1540] 566s  last: gpt-6-astra B__Q_neutral__ctrl_student#1069 -> unparsed
  [720/1540] 574s  last: gpt-6-astra B__Q_neutral__ctrl_student#1078 -> unparsed
  [730/1540] 579s  last: gpt-6-astra B__Q_neutral__ctrl_nurse#1011 -> unparsed
  [740/1540] 585s  last: gpt-6-astra B__Q_neutral__ctrl_nurse#1022 -> unparsed
  [750/1540] 594s  last: gpt-6-astra B__Q_neutral__ctrl_nurse#1026 -> unparsed
  [760/1540] 600s  last: gpt-6-astra B__Q_neutral__ctrl_nurse#1038 -> unparsed
  [770/1540] 605s  last: gpt-6-astra B__Q_neutral__ctrl_nurse#1051 -> unparsed
  [780/1540] 612s  last: gpt-6-astra B__Q_neutral__ctrl_nurse#1059 -> unparsed
  [790/1540] 621s  last: gpt-6-astra B__Q_neutral__ctrl_nurse#1072 -> unparsed
  [800/1540] 624s  last: gpt-6-astra B__Q_neutral__ctrl_nurse#1079 -> unparsed
  [810/1540] 632s  last: gpt-6-astra W__Q_neutral__acad_teach__w_generic#1012 -> unparsed
  [820/1540] 639s  last: gpt-6-astra W__Q_neutral__acad_teach__w_generic#1020 -> unparsed
  [830/1540] 647s  last: gpt-6-astra W__Q_neutral__acad_teach__w_generic#1029 -> unparsed
  [840/1540] 654s  last: gpt-6-astra W__Q_neutral__acad_teach__w_generic#1035 -> unparsed
  [850/1540] 662s  last: gpt-6-astra W__Q_neutral__acad_teach__w_generic#1047 -> unparsed
  [860/1540] 669s  last: gpt-6-astra W__Q_neutral__acad_teach__w_generic#1057 -> unparsed
  [870/1540] 676s  last: gpt-6-astra W__Q_neutral__acad_teach__w_generic#1066 -> unparsed
  [880/1540] 685s  last: gpt-6-astra W__Q_neutral__lw_reader__w_generic#1001 -> unparsed
  [890/1540] 691s  last: gpt-6-astra W__Q_neutral__lw_reader__w_generic#1010 -> unparsed
  [900/1540] 701s  last: gpt-6-astra W__Q_neutral__lw_reader__w_generic#1019 -> unparsed
  [910/1540] 708s  last: gpt-6-astra W__Q_neutral__lw_reader__w_generic#1029 -> unparsed
  [920/1540] 718s  last: gpt-6-astra W__Q_neutral__lw_reader__w_generic#1040 -> unparsed
  [930/1540] 728s  last: gpt-6-astra W__Q_neutral__lw_reader__w_generic#1053 -> unparsed
  [940/1540] 737s  last: gpt-6-astra W__Q_neutral__lw_reader__w_generic#1060 -> unparsed
  [950/1540] 745s  last: gpt-6-astra W__Q_neutral__lw_reader__w_generic#1064 -> unparsed
  [960/1540] 754s  last: gpt-6-astra W__Q_neutral__ai_safety__w_generic#1000 -> unparsed
  [970/1540] 763s  last: gpt-6-astra W__Q_neutral__ai_safety__w_generic#1011 -> unparsed
  [980/1540] 768s  last: gpt-6-astra W__Q_neutral__ai_safety__w_generic#1020 -> unparsed
  [990/1540] 777s  last: gpt-6-astra W__Q_neutral__ai_safety__w_generic#1030 -> unparsed
  [1000/1540] 784s  last: gpt-6-astra W__Q_neutral__ai_safety__w_generic#1038 -> unparsed
  [1010/1540] 791s  last: gpt-6-astra W__Q_neutral__ai_safety__w_generic#1051 -> unparsed
  [1020/1540] 799s  last: gpt-6-astra W__Q_neutral__ai_safety__w_generic#1059 -> unparsed
  [1030/1540] 808s  last: gpt-6-astra W__Q_neutral__ai_safety__w_generic#1073 -> unparsed
  [1040/1540] 814s  last: gpt-6-astra W__Q_neutral__ai_safety__w_generic#1076 -> unparsed
  [1050/1540] 819s  last: gpt-6-astra BBR__P_newcomb__none#1009 -> unparsed
  [1060/1540] 828s  last: gpt-6-astra BBR__P_newcomb__none#1019 -> unparsed
  [1070/1540] 834s  last: gpt-6-astra BBR__P_newcomb__none#1032 -> unparsed
  [1080/1540] 841s  last: gpt-6-astra BBR__P_newcomb__none#1038 -> unparsed
  [1090/1540] 847s  last: gpt-6-astra BBR__P_newcomb__none#1046 -> unparsed
  [1100/1540] 854s  last: gpt-6-astra BBR__P_newcomb__none#1059 -> unparsed
  [1110/1540] 862s  last: gpt-6-astra BBR__P_newcomb__none#1067 -> unparsed
  [1120/1540] 870s  last: gpt-6-astra BBR__P_newcomb__none#1077 -> unparsed
  [1130/1540] 875s  last: gpt-6-astra BBR__P_newcomb__none#1085 -> unparsed
  [1140/1540] 882s  last: gpt-6-astra BBR__P_newcomb__none#1096 -> unparsed
  [1150/1540] 890s  last: gpt-6-astra BBR__P_newcomb__acad_teach#1011 -> unparsed
  [1160/1540] 898s  last: gpt-6-astra BBR__P_newcomb__acad_teach#1016 -> unparsed
  [1170/1540] 907s  last: gpt-6-astra BBR__P_newcomb__acad_teach#1029 -> unparsed
  [1180/1540] 914s  last: gpt-6-astra BBR__P_newcomb__acad_teach#1039 -> unparsed
  [1190/1540] 924s  last: gpt-6-astra BBR__P_newcomb__acad_teach#1046 -> unparsed
  [1200/1540] 933s  last: gpt-6-astra BBR__P_newcomb__acad_teach#1066 -> unparsed
  [1210/1540] 941s  last: gpt-6-astra BBR__P_newcomb__acad_teach#1072 -> unparsed
  [1220/1540] 947s  last: gpt-6-astra BBR__P_newcomb__acad_teach#1077 -> unparsed
  [1230/1540] 954s  last: gpt-6-astra BBR__P_newcomb__acad_teach#1083 -> unparsed
  [1240/1540] 964s  last: gpt-6-astra BBR__P_newcomb__lw_reader#1005 -> unparsed
  [1250/1540] 972s  last: gpt-6-astra BBR__P_newcomb__lw_reader#1012 -> unparsed
  [1260/1540] 980s  last: gpt-6-astra BBR__P_newcomb__lw_reader#1022 -> unparsed
  [1270/1540] 989s  last: gpt-6-astra BBR__P_newcomb__lw_reader#1034 -> unparsed
  [1280/1540] 996s  last: gpt-6-astra BBR__P_newcomb__lw_reader#1038 -> unparsed
  [1290/1540] 1003s  last: gpt-6-astra BBR__P_newcomb__lw_reader#1046 -> unparsed
  [1300/1540] 1013s  last: gpt-6-astra BBR__P_newcomb__lw_reader#1064 -> unparsed
  [1310/1540] 1020s  last: gpt-6-astra BBR__P_newcomb__lw_reader#1070 -> unparsed
  [1320/1540] 1028s  last: gpt-6-astra BBR__P_newcomb__lw_reader#1082 -> unparsed
  [1330/1540] 1035s  last: gpt-6-astra BBR__P_newcomb__lw_reader#1088 -> unparsed
  [1340/1540] 1042s  last: gpt-6-astra BBR__P_newcomb__lw_reader#1099 -> unparsed
  [1350/1540] 1050s  last: gpt-6-astra BBR__P_newcomb__pre_acad_ref_2#1008 -> unparsed
  [1360/1540] 1057s  last: gpt-6-astra BBR__P_newcomb__pre_acad_ref_2#1016 -> unparsed
  [1370/1540] 1063s  last: gpt-6-astra BBR__P_newcomb__pre_acad_ref_2#1030 -> unparsed
  [1380/1540] 1071s  last: gpt-6-astra BBR__P_newcomb__pre_acad_ref_2#1041 -> unparsed
  [1390/1540] 1078s  last: gpt-6-astra BBR__P_newcomb__pre_acad_ref_2#1049 -> unparsed
  [1400/1540] 1087s  last: gpt-6-astra BBR__P_newcomb__pre_acad_ref_2#1059 -> unparsed
  [1410/1540] 1091s  last: gpt-6-astra BBR__P_newcomb__pre_acad_ref_2#1071 -> unparsed
  [1420/1540] 1100s  last: gpt-6-astra BBR__P_newcomb__pre_acad_ref_2#1078 -> unparsed
  [1430/1540] 1108s  last: gpt-6-astra BBR__P_newcomb__pre_acad_ref_2#1093 -> unparsed
  [1440/1540] 1115s  last: gpt-6-astra BBR__P_newcomb__pre_acad_ref_2#1099 -> unparsed
  [1450/1540] 1160s  last: gpt-6-astra BBR__P_newcomb__conv_acad_task#1013 -> unparsed
  [1460/1540] 1207s  last: gpt-6-astra BBR__P_newcomb__conv_acad_task#1021 -> unparsed
  [1470/1540] 1243s  last: gpt-6-astra BBR__P_newcomb__conv_acad_task#1031 -> unparsed
  [1480/1540] 1263s  last: gpt-6-astra BBR__P_newcomb__conv_acad_task#1039 -> unparsed
  [1490/1540] 1300s  last: gpt-6-astra BBR__P_newcomb__conv_acad_task#1050 -> unparsed
  [1500/1540] 1338s  last: gpt-6-astra BBR__P_newcomb__conv_acad_task#1061 -> unparsed
  [1510/1540] 1365s  last: gpt-6-astra BBR__P_newcomb__conv_acad_task#1069 -> unparsed
  [1520/1540] 1392s  last: gpt-6-astra BBR__P_newcomb__conv_acad_task#1079 -> unparsed
  [1530/1540] 1427s  last: gpt-6-astra BBR__P_newcomb__conv_acad_task#1089 -> unparsed
  [1540/1540] 1466s  last: gpt-6-astra BBR__P_newcomb__conv_acad_task#1099 -> unparsed
done: 1540 ok, 0 errors, 1466s
