top-up to 100: 17 prompts x 1 models -> 1360 calls to make
  [10/1360] 5s  last: gpt-6-astra A__Q_neutral__none#1003 -> FDT
  [20/1360] 9s  last: gpt-6-astra A__Q_neutral__none#1026 -> FDT
  [30/1360] 12s  last: gpt-6-astra A__Q_neutral__none#1029 -> FDT
  [40/1360] 13s  last: gpt-6-astra A__Q_neutral__none#1040 -> FDT
  [50/1360] 17s  last: gpt-6-astra A__Q_neutral__none#1047 -> FDT
  [60/1360] 20s  last: gpt-6-astra A__Q_neutral__none#1059 -> FDT
  [70/1360] 23s  last: gpt-6-astra A__Q_neutral__none#1070 -> FDT
  [80/1360] 26s  last: gpt-6-astra B__Q_neutral__acad_prof#1004 -> CDT
  [90/1360] 30s  last: gpt-6-astra B__Q_neutral__acad_prof#1008 -> CDT
  [100/1360] 34s  last: gpt-6-astra B__Q_neutral__acad_prof#1018 -> CDT
  [110/1360] 38s  last: gpt-6-astra B__Q_neutral__acad_prof#1028 -> CDT
  [120/1360] 43s  last: gpt-6-astra B__Q_neutral__acad_prof#1040 -> CDT
  [130/1360] 47s  last: gpt-6-astra B__Q_neutral__acad_prof#1048 -> CDT
  [140/1360] 51s  last: gpt-6-astra B__Q_neutral__acad_prof#1059 -> FDT
  [150/1360] 54s  last: gpt-6-astra B__Q_neutral__acad_prof#1070 -> CDT
  [160/1360] 58s  last: gpt-6-astra B__Q_neutral__acad_prof#1079 -> CDT
  [170/1360] 64s  last: gpt-6-astra B__Q_neutral__acad_teach#1007 -> CDT
  [180/1360] 69s  last: gpt-6-astra B__Q_neutral__acad_teach#1023 -> CDT
  [190/1360] 73s  last: gpt-6-astra B__Q_neutral__acad_teach#1029 -> CDT
  [200/1360] 78s  last: gpt-6-astra B__Q_neutral__acad_teach#1039 -> CDT
  [210/1360] 83s  last: gpt-6-astra B__Q_neutral__acad_teach#1054 -> CDT
  [220/1360] 86s  last: gpt-6-astra B__Q_neutral__acad_teach#1062 -> CDT
  [230/1360] 91s  last: gpt-6-astra B__Q_neutral__acad_teach#1070 -> CDT
  [240/1360] 98s  last: gpt-6-astra B__Q_neutral__acad_teach#1079 -> CDT
  [250/1360] 102s  last: gpt-6-astra B__Q_neutral__acad_grad#1012 -> CDT
  [260/1360] 108s  last: gpt-6-astra B__Q_neutral__acad_grad#1022 -> FDT
  [270/1360] 112s  last: gpt-6-astra B__Q_neutral__acad_grad#1026 -> CDT
  [280/1360] 117s  last: gpt-6-astra B__Q_neutral__acad_grad#1041 -> CDT
  [290/1360] 122s  last: gpt-6-astra B__Q_neutral__acad_grad#1053 -> FDT
  [300/1360] 126s  last: gpt-6-astra B__Q_neutral__acad_grad#1059 -> FDT
  [310/1360] 131s  last: gpt-6-astra B__Q_neutral__acad_grad#1074 -> CDT
  [320/1360] 134s  last: gpt-6-astra B__Q_neutral__acad_grad#1079 -> CDT
  [330/1360] 138s  last: gpt-6-astra B__Q_neutral__lw_reader#1015 -> FDT
  [340/1360] 146s  last: gpt-6-astra B__Q_neutral__lw_reader#1022 -> FDT
  [350/1360] 152s  last: gpt-6-astra B__Q_neutral__lw_reader#1027 -> FDT
  [360/1360] 159s  last: gpt-6-astra B__Q_neutral__lw_reader#1038 -> FDT
  [370/1360] 165s  last: gpt-6-astra B__Q_neutral__lw_reader#1049 -> FDT
  [380/1360] 171s  last: gpt-6-astra B__Q_neutral__lw_reader#1059 -> FDT
  [390/1360] 177s  last: gpt-6-astra B__Q_neutral__lw_reader#1069 -> FDT
  [400/1360] 181s  last: gpt-6-astra B__Q_neutral__lw_reader#1078 -> FDT
  [410/1360] 186s  last: gpt-6-astra B__Q_neutral__ai_safety#1015 -> FDT
  [420/1360] 189s  last: gpt-6-astra B__Q_neutral__ai_safety#1018 -> FDT
  [430/1360] 194s  last: gpt-6-astra B__Q_neutral__ai_safety#1032 -> FDT
  [440/1360] 198s  last: gpt-6-astra B__Q_neutral__ai_safety#1043 -> FDT
  [450/1360] 203s  last: gpt-6-astra B__Q_neutral__ai_safety#1038 -> FDT
  [460/1360] 206s  last: gpt-6-astra B__Q_neutral__ai_safety#1053 -> FDT
  [470/1360] 211s  last: gpt-6-astra B__Q_neutral__ai_safety#1071 -> FDT
  [480/1360] 215s  last: gpt-6-astra B__Q_neutral__ctrl_swe#1004 -> FDT
  [490/1360] 219s  last: gpt-6-astra B__Q_neutral__ctrl_swe#1012 -> FDT
  [500/1360] 223s  last: gpt-6-astra B__Q_neutral__ctrl_swe#1020 -> FDT
  [510/1360] 227s  last: gpt-6-astra B__Q_neutral__ctrl_swe#1026 -> CDT
  [520/1360] 231s  last: gpt-6-astra B__Q_neutral__ctrl_swe#1034 -> CDT
  [530/1360] 237s  last: gpt-6-astra B__Q_neutral__ctrl_swe#1045 -> FDT
  [540/1360] 242s  last: gpt-6-astra B__Q_neutral__ctrl_swe#1065 -> FDT
  [550/1360] 245s  last: gpt-6-astra B__Q_neutral__ctrl_swe#1072 -> FDT
  [560/1360] 254s  last: gpt-6-astra B__Q_neutral__ctrl_student#1001 -> CDT
  [570/1360] 256s  last: gpt-6-astra B__Q_neutral__ctrl_student#1010 -> CDT
  [580/1360] 265s  last: gpt-6-astra B__Q_neutral__ctrl_student#1017 -> CDT
  [590/1360] 272s  last: gpt-6-astra B__Q_neutral__ctrl_student#1036 -> CDT
  [600/1360] 280s  last: gpt-6-astra B__Q_neutral__ctrl_student#1040 -> CDT
  [610/1360] 285s  last: gpt-6-astra B__Q_neutral__ctrl_student#1045 -> CDT
  [620/1360] 291s  last: gpt-6-astra B__Q_neutral__ctrl_student#1055 -> CDT
  [630/1360] 299s  last: gpt-6-astra B__Q_neutral__ctrl_student#1069 -> CDT
  [640/1360] 304s  last: gpt-6-astra B__Q_neutral__ctrl_nurse#1005 -> CDT
  [650/1360] 309s  last: gpt-6-astra B__Q_neutral__ctrl_nurse#1013 -> CDT
  [660/1360] 313s  last: gpt-6-astra B__Q_neutral__ctrl_nurse#1017 -> CDT
  [670/1360] 318s  last: gpt-6-astra B__Q_neutral__ctrl_nurse#1026 -> CDT
  [680/1360] 323s  last: gpt-6-astra B__Q_neutral__ctrl_nurse#1042 -> CDT
  [690/1360] 327s  last: gpt-6-astra B__Q_neutral__ctrl_nurse#1052 -> CDT
  [700/1360] 333s  last: gpt-6-astra B__Q_neutral__ctrl_nurse#1059 -> CDT
  [710/1360] 338s  last: gpt-6-astra B__Q_neutral__ctrl_nurse#1064 -> CDT
  [720/1360] 342s  last: gpt-6-astra B__Q_neutral__ctrl_nurse#1076 -> CDT
  [730/1360] 347s  last: gpt-6-astra W__Q_neutral__acad_teach__w_generic#1009 -> CDT
  [740/1360] 352s  last: gpt-6-astra W__Q_neutral__acad_teach__w_generic#1019 -> CDT
  [750/1360] 357s  last: gpt-6-astra W__Q_neutral__acad_teach__w_generic#1032 -> CDT
  [760/1360] 360s  last: gpt-6-astra W__Q_neutral__acad_teach__w_generic#1030 -> CDT
  [770/1360] 364s  last: gpt-6-astra W__Q_neutral__acad_teach__w_generic#1042 -> CDT
  [780/1360] 369s  last: gpt-6-astra W__Q_neutral__acad_teach__w_generic#1059 -> CDT
  [790/1360] 373s  last: gpt-6-astra W__Q_neutral__acad_teach__w_generic#1062 -> CDT
  [800/1360] 378s  last: gpt-6-astra W__Q_neutral__acad_teach__w_generic#1071 -> EU_generic
  [810/1360] 388s  last: gpt-6-astra W__Q_neutral__lw_reader__w_generic#1011 -> CDT
  [820/1360] 394s  last: gpt-6-astra W__Q_neutral__lw_reader__w_generic#1019 -> FDT
  [830/1360] 402s  last: gpt-6-astra W__Q_neutral__lw_reader__w_generic#1026 -> CDT
  [840/1360] 410s  last: gpt-6-astra W__Q_neutral__lw_reader__w_generic#1040 -> FDT
  [850/1360] 415s  last: gpt-6-astra W__Q_neutral__lw_reader__w_generic#1044 -> CDT
  [860/1360] 423s  last: gpt-6-astra W__Q_neutral__lw_reader__w_generic#1065 -> CDT
  [870/1360] 429s  last: gpt-6-astra W__Q_neutral__lw_reader__w_generic#1067 -> FDT
  [880/1360] 435s  last: gpt-6-astra W__Q_neutral__ai_safety__w_generic#1000 -> FDT
  [890/1360] 443s  last: gpt-6-astra W__Q_neutral__ai_safety__w_generic#1017 -> FDT
  [900/1360] 448s  last: gpt-6-astra W__Q_neutral__ai_safety__w_generic#1014 -> CDT
  [910/1360] 454s  last: gpt-6-astra W__Q_neutral__ai_safety__w_generic#1029 -> FDT
  [920/1360] 461s  last: gpt-6-astra W__Q_neutral__ai_safety__w_generic#1043 -> CDT
  [930/1360] 465s  last: gpt-6-astra W__Q_neutral__ai_safety__w_generic#1052 -> FDT
  [940/1360] 471s  last: gpt-6-astra W__Q_neutral__ai_safety__w_generic#1057 -> FDT
  [950/1360] 477s  last: gpt-6-astra W__Q_neutral__ai_safety__w_generic#1072 -> FDT
  [960/1360] 484s  last: gpt-6-astra BBR__P_newcomb__none#1001 -> unparsed
  [970/1360] 491s  last: gpt-6-astra BBR__P_newcomb__none#1012 -> unparsed
  [980/1360] 498s  last: gpt-6-astra BBR__P_newcomb__none#1022 -> unparsed
  [990/1360] 506s  last: gpt-6-astra BBR__P_newcomb__none#1029 -> unparsed
  [1000/1360] 514s  last: gpt-6-astra BBR__P_newcomb__none#1041 -> unparsed
  [1010/1360] 524s  last: gpt-6-astra BBR__P_newcomb__none#1048 -> unparsed
  [1020/1360] 532s  last: gpt-6-astra BBR__P_newcomb__none#1056 -> unparsed
  [1030/1360] 537s  last: gpt-6-astra BBR__P_newcomb__none#1070 -> unparsed
  [1040/1360] 548s  last: gpt-6-astra BBR__P_newcomb__none#1074 -> unparsed
  [1050/1360] 557s  last: gpt-6-astra BBR__P_newcomb__acad_teach#1010 -> unparsed
  [1060/1360] 564s  last: gpt-6-astra BBR__P_newcomb__acad_teach#1018 -> unparsed
  [1070/1360] 572s  last: gpt-6-astra BBR__P_newcomb__acad_teach#1028 -> unparsed
  [1080/1360] 578s  last: gpt-6-astra BBR__P_newcomb__acad_teach#1031 -> unparsed
  [1090/1360] 585s  last: gpt-6-astra BBR__P_newcomb__acad_teach#1053 -> unparsed
  [1100/1360] 594s  last: gpt-6-astra BBR__P_newcomb__acad_teach#1063 -> unparsed
  [1110/1360] 600s  last: gpt-6-astra BBR__P_newcomb__acad_teach#1071 -> unparsed
  [1120/1360] 609s  last: gpt-6-astra BBR__P_newcomb__lw_reader#1000 -> unparsed
  [1130/1360] 622s  last: gpt-6-astra BBR__P_newcomb__lw_reader#1011 -> unparsed
  [1140/1360] 628s  last: gpt-6-astra BBR__P_newcomb__lw_reader#1016 -> unparsed
  [1150/1360] 636s  last: gpt-6-astra BBR__P_newcomb__lw_reader#1031 -> unparsed
  [1160/1360] 647s  last: gpt-6-astra BBR__P_newcomb__lw_reader#1046 -> unparsed
  [1170/1360] 655s  last: gpt-6-astra BBR__P_newcomb__lw_reader#1049 -> unparsed
  [1180/1360] 665s  last: gpt-6-astra BBR__P_newcomb__lw_reader#1058 -> unparsed
  [1190/1360] 672s  last: gpt-6-astra BBR__P_newcomb__lw_reader#1070 -> unparsed
  [1200/1360] 681s  last: gpt-6-astra BBR__P_newcomb__pre_acad_ref_2#1002 -> unparsed
  [1210/1360] 687s  last: gpt-6-astra BBR__P_newcomb__pre_acad_ref_2#1009 -> unparsed
  [1220/1360] 695s  last: gpt-6-astra BBR__P_newcomb__pre_acad_ref_2#1021 -> unparsed
  [1230/1360] 705s  last: gpt-6-astra BBR__P_newcomb__pre_acad_ref_2#1029 -> unparsed
  [1240/1360] 711s  last: gpt-6-astra BBR__P_newcomb__pre_acad_ref_2#1039 -> unparsed
  [1250/1360] 717s  last: gpt-6-astra BBR__P_newcomb__pre_acad_ref_2#1044 -> unparsed
  [1260/1360] 727s  last: gpt-6-astra BBR__P_newcomb__pre_acad_ref_2#1059 -> unparsed
  [1270/1360] 734s  last: gpt-6-astra BBR__P_newcomb__pre_acad_ref_2#1069 -> unparsed
  [1280/1360] 745s  last: gpt-6-astra BBR__P_newcomb__pre_acad_ref_2#1079 -> unparsed
  [1290/1360] 793s  last: gpt-6-astra BBR__P_newcomb__conv_acad_task#1010 -> unparsed
  [1300/1360] 838s  last: gpt-6-astra BBR__P_newcomb__conv_acad_task#1018 -> unparsed
  [1310/1360] 883s  last: gpt-6-astra BBR__P_newcomb__conv_acad_task#1031 -> unparsed
  [1320/1360] 901s  last: gpt-6-astra BBR__P_newcomb__conv_acad_task#1039 -> unparsed
  [1330/1360] 941s  last: gpt-6-astra BBR__P_newcomb__conv_acad_task#1049 -> unparsed
  [1340/1360] 987s  last: gpt-6-astra BBR__P_newcomb__conv_acad_task#1059 -> unparsed
  [1350/1360] 1010s  last: gpt-6-astra BBR__P_newcomb__conv_acad_task#1069 -> unparsed
  [1360/1360] 1044s  last: gpt-6-astra BBR__P_newcomb__conv_acad_task#1079 -> unparsed
done: 1360 ok, 0 errors, 1044s
